Component: ARM Compiler 5.06 update 6 (build 750) Tool: armlink [4d35ed]

==============================================================================

Section Cross References

    startup_stm32f103xb.o(STACK) refers (Special) to heapauxi.o(.text) for __use_two_region_memory
    startup_stm32f103xb.o(HEAP) refers (Special) to heapauxi.o(.text) for __use_two_region_memory
    startup_stm32f103xb.o(RESET) refers (Special) to heapauxi.o(.text) for __use_two_region_memory
    startup_stm32f103xb.o(RESET) refers to startup_stm32f103xb.o(STACK) for __initial_sp
    startup_stm32f103xb.o(RESET) refers to startup_stm32f103xb.o(.text) for Reset_Handler
    startup_stm32f103xb.o(RESET) refers to stm32f1xx_it.o(i.NMI_Handler) for NMI_Handler
    startup_stm32f103xb.o(RESET) refers to stm32f1xx_it.o(i.HardFault_Handler) for HardFault_Handler
    startup_stm32f103xb.o(RESET) refers to stm32f1xx_it.o(i.MemManage_Handler) for MemManage_Handler
    startup_stm32f103xb.o(RESET) refers to stm32f1xx_it.o(i.BusFault_Handler) for BusFault_Handler
    startup_stm32f103xb.o(RESET) refers to stm32f1xx_it.o(i.UsageFault_Handler) for UsageFault_Handler
    startup_stm32f103xb.o(RESET) refers to stm32f1xx_it.o(i.SVC_Handler) for SVC_Handler
    startup_stm32f103xb.o(RESET) refers to stm32f1xx_it.o(i.DebugMon_Handler) for DebugMon_Handler
    startup_stm32f103xb.o(RESET) refers to stm32f1xx_it.o(i.PendSV_Handler) for PendSV_Handler
    startup_stm32f103xb.o(RESET) refers to stm32f1xx_it.o(i.SysTick_Handler) for SysTick_Handler
    startup_stm32f103xb.o(RESET) refers to stm32f1xx_it.o(i.EXTI1_IRQHandler) for EXTI1_IRQHandler
    startup_stm32f103xb.o(RESET) refers to stm32f1xx_it.o(i.EXTI9_5_IRQHandler) for EXTI9_5_IRQHandler
    startup_stm32f103xb.o(RESET) refers to stm32f1xx_it.o(i.USART1_IRQHandler) for USART1_IRQHandler
    startup_stm32f103xb.o(.text) refers (Special) to heapauxi.o(.text) for __use_two_region_memory
    startup_stm32f103xb.o(.text) refers to system_stm32f1xx.o(i.SystemInit) for SystemInit
    startup_stm32f103xb.o(.text) refers to __main.o(!!!main) for __main
    startup_stm32f103xb.o(.text) refers to startup_stm32f103xb.o(HEAP) for Heap_Mem
    startup_stm32f103xb.o(.text) refers to startup_stm32f103xb.o(STACK) for Stack_Mem
    main.o(i.HAL_UART_RxCpltCallback) refers to gps.o(i.GPS_ProcessData) for GPS_ProcessData
    main.o(i.HAL_UART_RxCpltCallback) refers to stm32f1xx_hal_uart.o(i.HAL_UART_Receive_IT) for HAL_UART_Receive_IT
    main.o(i.HAL_UART_RxCpltCallback) refers to main.o(.data) for .data
    main.o(i.HAL_UART_RxCpltCallback) refers to usart.o(.bss) for huart1
    main.o(i.SystemClock_Config) refers to rt_memclr_w.o(.text) for __aeabi_memclr4
    main.o(i.SystemClock_Config) refers to stm32f1xx_hal_rcc.o(i.HAL_RCC_OscConfig) for HAL_RCC_OscConfig
    main.o(i.SystemClock_Config) refers to stm32f1xx_hal_rcc.o(i.HAL_RCC_ClockConfig) for HAL_RCC_ClockConfig
    main.o(i.main) refers to stm32f1xx_hal.o(i.HAL_Init) for HAL_Init
    main.o(i.main) refers to main.o(i.SystemClock_Config) for SystemClock_Config
    main.o(i.main) refers to gpio.o(i.MX_GPIO_Init) for MX_GPIO_Init
    main.o(i.main) refers to i2c.o(i.MX_I2C1_Init) for MX_I2C1_Init
    main.o(i.main) refers to usart.o(i.MX_USART1_UART_Init) for MX_USART1_UART_Init
    main.o(i.main) refers to oled.o(i.OLED_Init) for OLED_Init
    main.o(i.main) refers to max30102.o(i.MAX30102_Init) for MAX30102_Init
    main.o(i.main) refers to mpu6050.o(i.MPU6050_Init) for MPU6050_Init
    main.o(i.main) refers to mpu6050.o(i.MPU6050_ReadID) for MPU6050_ReadID
    main.o(i.main) refers to oled.o(i.OLED_Clear) for OLED_Clear
    main.o(i.main) refers to oled.o(i.OLED_ShowString) for OLED_ShowString
    main.o(i.main) refers to oled.o(i.OLED_ShowNum) for OLED_ShowNum
    main.o(i.main) refers to oled.o(i.OLED_Refresh) for OLED_Refresh
    main.o(i.main) refers to stm32f1xx_hal.o(i.HAL_Delay) for HAL_Delay
    main.o(i.main) refers to gps.o(i.GPS_Init) for GPS_Init
    main.o(i.main) refers to stm32f1xx_hal_uart.o(i.HAL_UART_Receive_IT) for HAL_UART_Receive_IT
    main.o(i.main) refers to max30102.o(i.MAX30102_ReadFIFO) for MAX30102_ReadFIFO
    main.o(i.main) refers to mpu6050.o(i.MPU6050_ReadData) for MPU6050_ReadData
    main.o(i.main) refers to gps.o(i.GPS_GetData) for GPS_GetData
    main.o(i.main) refers to ffixu.o(x$fpl$ffixu) for __aeabi_f2uiz
    main.o(i.main) refers to ffix.o(x$fpl$ffix) for __aeabi_f2iz
    main.o(i.main) refers to fflt_clz.o(x$fpl$fflt) for __aeabi_i2f
    main.o(i.main) refers to faddsub_clz.o(x$fpl$frsb) for __aeabi_frsub
    main.o(i.main) refers to fmul.o(x$fpl$fmul) for __aeabi_fmul
    main.o(i.main) refers to oled.o(i.OLED_ShowChar) for OLED_ShowChar
    main.o(i.main) refers to main.o(.data) for .data
    main.o(i.main) refers to usart.o(.bss) for huart1
    main.o(i.main) refers to main.o(.bss) for .bss
    gpio.o(i.MX_GPIO_Init) refers to stm32f1xx_hal_gpio.o(i.HAL_GPIO_WritePin) for HAL_GPIO_WritePin
[...]
    i.MAX30102_I2C_Read                      0x0800331c   Section        0  max30102.o(i.MAX30102_I2C_Read)
    MAX30102_I2C_Read                        0x0800331d   Thumb Code    60  max30102.o(i.MAX30102_I2C_Read)
    i.MAX30102_I2C_ReadMulti                 0x08003358   Section        0  max30102.o(i.MAX30102_I2C_ReadMulti)
    MAX30102_I2C_ReadMulti                   0x08003359   Thumb Code   150  max30102.o(i.MAX30102_I2C_ReadMulti)
    i.MAX30102_I2C_ReceiveByte               0x080033f4   Section        0  max30102.o(i.MAX30102_I2C_ReceiveByte)
    MAX30102_I2C_ReceiveByte                 0x080033f5   Thumb Code    92  max30102.o(i.MAX30102_I2C_ReceiveByte)
    i.MAX30102_I2C_SendByte                  0x08003454   Section        0  max30102.o(i.MAX30102_I2C_SendByte)
    MAX30102_I2C_SendByte                    0x08003455   Thumb Code    92  max30102.o(i.MAX30102_I2C_SendByte)
    i.MAX30102_I2C_Start                     0x080034b4   Section        0  max30102.o(i.MAX30102_I2C_Start)
    MAX30102_I2C_Start                       0x080034b5   Thumb Code    74  max30102.o(i.MAX30102_I2C_Start)
    i.MAX30102_I2C_Stop                      0x08003504   Section        0  max30102.o(i.MAX30102_I2C_Stop)
    MAX30102_I2C_Stop                        0x08003505   Thumb Code    58  max30102.o(i.MAX30102_I2C_Stop)
    i.MAX30102_I2C_WaitAck                   0x08003544   Section        0  max30102.o(i.MAX30102_I2C_WaitAck)
    MAX30102_I2C_WaitAck                     0x08003545   Thumb Code    72  max30102.o(i.MAX30102_I2C_WaitAck)
    i.MAX30102_I2C_Write                     0x08003590   Section        0  max30102.o(i.MAX30102_I2C_Write)
    MAX30102_I2C_Write                       0x08003591   Thumb Code    48  max30102.o(i.MAX30102_I2C_Write)
    i.MAX30102_Init                          0x080035c0   Section        0  max30102.o(i.MAX30102_Init)
    i.MAX30102_ReadFIFO                      0x08003618   Section        0  max30102.o(i.MAX30102_ReadFIFO)
    i.MAX30102_Reset                         0x08003692   Section        0  max30102.o(i.MAX30102_Reset)
    i.MAX30102_SDA_Input                     0x080036a8   Section        0  max30102.o(i.MAX30102_SDA_Input)
    MAX30102_SDA_Input                       0x080036a9   Thumb Code    28  max30102.o(i.MAX30102_SDA_Input)
    i.MAX30102_SDA_Output                    0x080036c8   Section        0  max30102.o(i.MAX30102_SDA_Output)
    MAX30102_SDA_Output                      0x080036c9   Thumb Code    28  max30102.o(i.MAX30102_SDA_Output)
    i.MAX30102_SetMode                       0x080036e8   Section        0  max30102.o(i.MAX30102_SetMode)
    i.MPU6050_Init                           0x080036f0   Section        0  mpu6050.o(i.MPU6050_Init)
    i.MPU6050_ReadData                       0x08003730   Section        0  mpu6050.o(i.MPU6050_ReadData)
    i.MPU6050_ReadID                         0x080037a0   Section        0  mpu6050.o(i.MPU6050_ReadID)
    i.MPU6050_ReadMulti                      0x080037a8   Section        0  mpu6050.o(i.MPU6050_ReadMulti)
    i.MPU6050_ReadReg                        0x080037e4   Section        0  mpu6050.o(i.MPU6050_ReadReg)
    i.MPU6050_WriteReg                       0x08003820   Section        0  mpu6050.o(i.MPU6050_WriteReg)
    i.MX_GPIO_Init                           0x08003848   Section        0  gpio.o(i.MX_GPIO_Init)
    i.MX_I2C1_Init                           0x0800394c   Section        0  i2c.o(i.MX_I2C1_Init)
    i.MX_USART1_UART_Init                    0x0800398c   Section        0  usart.o(i.MX_USART1_UART_Init)
    i.MemManage_Handler                      0x080039c4   Section        0  stm32f1xx_it.o(i.MemManage_Handler)
    i.NMI_Handler                            0x080039c6   Section        0  stm32f1xx_it.o(i.NMI_Handler)
    i.OLED_Clear                             0x080039c8   Section        0  oled.o(i.OLED_Clear)
    i.OLED_DrawPoint                         0x080039f4   Section        0  oled.o(i.OLED_DrawPoint)
    i.OLED_Init                              0x08003a20   Section        0  oled.o(i.OLED_Init)
    i.OLED_Pow                               0x08003b30   Section        0  oled.o(i.OLED_Pow)
    i.OLED_Refresh                           0x08003b40   Section        0  oled.o(i.OLED_Refresh)
    i.OLED_ShowChar                          0x08003b8c   Section        0  oled.o(i.OLED_ShowChar)
    i.OLED_ShowNum                           0x08003c70   Section        0  oled.o(i.OLED_ShowNum)
    i.OLED_ShowString                        0x08003cde   Section        0  oled.o(i.OLED_ShowString)
    i.OLED_WR_Byte                           0x08003d1c   Section        0  oled.o(i.OLED_WR_Byte)
    i.PendSV_Handler                         0x08003da0   Section        0  stm32f1xx_it.o(i.PendSV_Handler)
    i.SVC_Handler                            0x08003da2   Section        0  stm32f1xx_it.o(i.SVC_Handler)
    i.SysTick_Handler                        0x08003da4   Section        0  stm32f1xx_it.o(i.SysTick_Handler)
    i.SystemClock_Config                     0x08003da8   Section        0  main.o(i.SystemClock_Config)
    i.SystemInit                             0x08003e06   Section        0  system_stm32f1xx.o(i.SystemInit)
    i.UART_DMAAbortOnError                   0x08003e08   Section        0  stm32f1xx_hal_uart.o(i.UART_DMAAbortOnError)
    UART_DMAAbortOnError                     0x08003e09   Thumb Code    16  stm32f1xx_hal_uart.o(i.UART_DMAAbortOnError)
    i.UART_EndRxTransfer                     0x08003e18   Section        0  stm32f1xx_hal_uart.o(i.UART_EndRxTransfer)
    UART_EndRxTransfer                       0x08003e19   Thumb Code    78  stm32f1xx_hal_uart.o(i.UART_EndRxTransfer)
    i.UART_Receive_IT                        0x08003e66   Section        0  stm32f1xx_hal_uart.o(i.UART_Receive_IT)
    UART_Receive_IT                          0x08003e67   Thumb Code   194  stm32f1xx_hal_uart.o(i.UART_Receive_IT)
    i.UART_SetConfig                         0x08003f28   Section        0  stm32f1xx_hal_uart.o(i.UART_SetConfig)
    UART_SetConfig                           0x08003f29   Thumb Code   178  stm32f1xx_hal_uart.o(i.UART_SetConfig)
    i.UART_Start_Receive_IT                  0x08003fe0   Section        0  stm32f1xx_hal_uart.o(i.UART_Start_Receive_IT)
    i.USART1_IRQHandler                      0x08004018   Section        0  stm32f1xx_it.o(i.USART1_IRQHandler)
    i.UsageFault_Handler                     0x08004024   Section        0  stm32f1xx_it.o(i.UsageFault_Handler)
    i.__NVIC_SetPriority                     0x08004026   Section        0  stm32f1xx_hal_cortex.o(i.__NVIC_SetPriority)
    __NVIC_SetPriority                       0x08004027   Thumb Code    32  stm32f1xx_hal_cortex.o(i.__NVIC_SetPriority)
    i.__mathlib_dbl_overflow                 0x08004046   Section        0  dunder.o(i.__mathlib_dbl_overflow)
    i.__mathlib_dbl_underflow                0x08004054   Section        0  dunder.o(i.__mathlib_dbl_underflow)
    i.__mathlib_narrow                       0x08004064   Section        0  narrow.o(i.__mathlib_narrow)
    i.__mathlib_tofloat                      0x08004074   Section        0  narrow.o(i.__mathlib_tofloat)
    i.__support_ldexp                        0x08004130   Section        0  ldexp.o(i.__support_ldexp)
    i._is_digit                              0x08004146   Section        0  __printf_wp.o(i._is_digit)
    i.atof                                   0x08004154   Section        0  atof.o(i.atof)
    i.frexp                                  0x08004180   Section        0  frexp.o(i.frexp)
    i.ldexp                                  0x080041d8   Section        0  ldexp.o(i.ldexp)
    i.main                                   0x0800424c   Section        0  main.o(i.main)
    locale$$code                             0x080045fc   Section       44  lc_numeric_c.o(locale$$code)
    locale$$code                             0x08004628   Section       44  lc_ctype_c.o(locale$$code)
    x$fpl$d2f                                0x08004654   Section       98  d2f.o(x$fpl$d2f)
    x$fpl$dadd                               0x080046b8   Section      336  daddsub_clz.o(x$fpl$dadd)
    _dadd1                                   0x080046c9   Thumb Code     0  daddsub_clz.o(x$fpl$dadd)
    x$fpl$dcheck1                            0x08004808   Section       16  dcheck1.o(x$fpl$dcheck1)
    x$fpl$dcmpinf                            0x08004818   Section       24  dcmpi.o(x$fpl$dcmpinf)
    x$fpl$ddiv                               0x08004830   Section      688  ddiv.o(x$fpl$ddiv)
    ddiv_entry                               0x08004837   Thumb Code     0  ddiv.o(x$fpl$ddiv)
    x$fpl$deqf                               0x08004ae0   Section      120  deqf.o(x$fpl$deqf)
    x$fpl$dflt                               0x08004b58   Section       46  dflt_clz.o(x$fpl$dflt)
    x$fpl$dleqf                              0x08004b88   Section      120  dleqf.o(x$fpl$dleqf)
    x$fpl$dmul                               0x08004c00   Section      340  dmul.o(x$fpl$dmul)
    x$fpl$dnaninf                            0x08004d54   Section      156  dnaninf.o(x$fpl$dnaninf)
    x$fpl$dretinf                            0x08004df0   Section       12  dretinf.o(x$fpl$dretinf)
    x$fpl$drleqf                             0x08004dfc   Section      108  drleqf.o(x$fpl$drleqf)
    x$fpl$drsb                               0x08004e68   Section       22  daddsub_clz.o(x$fpl$drsb)
    x$fpl$dsub                               0x08004e80   Section      468  daddsub_clz.o(x$fpl$dsub)
    _dsub1                                   0x08004e91   Thumb Code     0  daddsub_clz.o(x$fpl$dsub)
    x$fpl$f2d                                0x08005054   Section       86  f2d.o(x$fpl$f2d)
    x$fpl$fadd                               0x080050ac   Section      196  faddsub_clz.o(x$fpl$fadd)
    _fadd1                                   0x080050bb   Thumb Code     0  faddsub_clz.o(x$fpl$fadd)
    x$fpl$fdiv                               0x08005170   Section      388  fdiv.o(x$fpl$fdiv)
    _fdiv1                                   0x08005171   Thumb Code     0  fdiv.o(x$fpl$fdiv)
    x$fpl$ffix                               0x080052f4   Section       54  ffix.o(x$fpl$ffix)
    x$fpl$ffixu                              0x0800532c   Section       62  ffixu.o(x$fpl$ffixu)
    x$fpl$fflt                               0x0800536c   Section       48  fflt_clz.o(x$fpl$fflt)
    x$fpl$ffltu                              0x0800539c   Section       38  fflt_clz.o(x$fpl$ffltu)
    x$fpl$fmul                               0x080053c4   Section      258  fmul.o(x$fpl$fmul)
    x$fpl$fnaninf                            0x080054c6   Section      140  fnaninf.o(x$fpl$fnaninf)
    x$fpl$fretinf                            0x08005552   Section       10  fretinf.o(x$fpl$fretinf)
    x$fpl$frsb                               0x0800555c   Section       20  faddsub_clz.o(x$fpl$frsb)
    x$fpl$fsub                               0x08005570   Section      234  faddsub_clz.o(x$fpl$fsub)
    _fsub1                                   0x0800557f   Thumb Code     0  faddsub_clz.o(x$fpl$fsub)
    x$fpl$ieeestatus                         0x0800565a   Section        6  istatus.o(x$fpl$ieeestatus)
    x$fpl$retnan                             0x08005660   Section      100  retnan.o(x$fpl$retnan)
    x$fpl$scalbn                             0x080056c4   Section       92  scalbn.o(x$fpl$scalbn)
    x$fpl$scanf1                             0x08005720   Section        4  scanf1.o(x$fpl$scanf1)
    x$fpl$scanf2                             0x08005724   Section        8  scanf2.o(x$fpl$scanf2)
    x$fpl$trapveneer                         0x0800572c   Section       48  trapv.o(x$fpl$trapveneer)
    .constdata                               0x0800575c   Section       18  stm32f1xx_hal_rcc.o(.constdata)
    x$fpl$usenofp                            0x0800575c   Section        0  usenofp.o(x$fpl$usenofp)
    aPredivFactorTable                       0x0800575c   Data           2  stm32f1xx_hal_rcc.o(.constdata)
    aPLLMULFactorTable                       0x0800575e   Data          16  stm32f1xx_hal_rcc.o(.constdata)
    .constdata                               0x0800576e   Section       16  system_stm32f1xx.o(.constdata)
    .constdata                               0x0800577e   Section        8  system_stm32f1xx.o(.constdata)
    .constdata                               0x08005786   Section     7696  oled.o(.constdata)
    .constdata                               0x08007598   Section      148  bigflt0.o(.constdata)
    tenpwrs_x                                0x08007598   Data          60  bigflt0.o(.constdata)
    tenpwrs_i                                0x080075d4   Data          64  bigflt0.o(.constdata)
    c$$dinf                                  0x0800764c   Section        8  fpconst.o(c$$dinf)
    c$$dmax                                  0x08007654   Section        8  fpconst.o(c$$dmax)
    locale$$data                             0x0800765c   Section       28  lc_numeric_c.o(locale$$data)
    __lcnum_c_name                           0x08007660   Data           2  lc_numeric_c.o(locale$$data)
    __lcnum_c_start                          0x08007668   Data           0  lc_numeric_c.o(locale$$data)
    __lcnum_c_point                          0x08007674   Data           0  lc_numeric_c.o(locale$$data)
    __lcnum_c_thousands                      0x08007676   Data           0  lc_numeric_c.o(locale$$data)
    __lcnum_c_grouping                       0x08007677   Data           0  lc_numeric_c.o(locale$$data)
    locale$$data                             0x08007678   Section      272  lc_ctype_c.o(locale$$data)
    __lcnum_c_end                            0x08007678   Data           0  lc_numeric_c.o(locale$$data)
    __lcctype_c_name                         0x0800767c   Data           2  lc_ctype_c.o(locale$$data)
    __lcctype_c_start                        0x08007684   Data           0  lc_ctype_c.o(locale$$data)
    __lcctype_c_end                          0x08007788   Data           0  lc_ctype_c.o(locale$$data)
    .data                                    0x20000000   Section        2  main.o(.data)
    first_display                            0x20000000   Data           1  main.o(.data)
    .data                                    0x20000004   Section       12  stm32f1xx_hal.o(.data)
    .data                                    0x20000010   Section        4  system_stm32f1xx.o(.data)
    .data                                    0x20000014   Section       16  max30102.o(.data)
    sample_count                             0x20000014   Data           2  max30102.o(.data)
    prev_ir                                  0x20000018   Data           4  max30102.o(.data)
    ir_sum                                   0x2000001c   Data           4  max30102.o(.data)
    red_sum                                  0x20000020   Data           4  max30102.o(.data)
    .data                                    0x20000024   Section        1  mpu6050.o(.data)
    mpu6050_i2c_addr                         0x20000024   Data           1  mpu6050.o(.data)
    .data                                    0x20000025   Section        2  gps.o(.data)
    gps_buf_idx                              0x20000025   Data           1  gps.o(.data)
    gps_recv_flag                            0x20000026   Data           1  gps.o(.data)
    .data                                    0x20000028   Section        4  strtok.o(.data)
    _strtok_saves1                           0x20000028   Data           4  strtok.o(.data)
    .bss                                     0x2000002c   Section       56  main.o(.bss)
    .bss                                     0x20000064   Section       84  i2c.o(.bss)
    .bss                                     0x200000b8   Section       72  usart.o(.bss)
    .bss                                     0x20000100   Section     1152  oled.o(.bss)
    .bss                                     0x20000580   Section      124  gps.o(.bss)
    gps_data                                 0x20000580   Data          24  gps.o(.bss)
    gps_buf                                  0x20000598   Data         100  gps.o(.bss)
    .bss                                     0x200005fc   Section       96  libspace.o(.bss)
    HEAP                                     0x20000660   Section      512  startup_stm32f103xb.o(HEAP)
    Heap_Mem                                 0x20000660   Data         512  startup_stm32f103xb.o(HEAP)
    STACK                                    0x20000860   Section     1024  startup_stm32f103xb.o(STACK)
    Stack_Mem                                0x20000860   Data        1024  startup_stm32f103xb.o(STACK)
    __initial_sp                             0x20000c60   Data           0  startup_stm32f103xb.o(STACK)

    Global Symbols

    Symbol Name                              Value     Ov Type        Size  Object(Section)

    BuildAttributes$$THM_ISAv4$P$D$K$B$S$PE$A:L22UL41UL21$X:L11$S22US41US21$IEEE1$IW$USESV6$~STKCKD$USESV7$~SHL$OTIME$ROPI$IEEEX$EBA8$UX$STANDARDLIB$REQ8$PRES8$EABIv2 0x00000000   Number         0  anon$$obj.o ABSOLUTE
    __ARM_use_no_argv                        0x00000000   Number         0  main.o ABSOLUTE
    _printf_flags                            0x00000000   Number         0  printf_stubs.o ABSOLUTE
    _printf_return_value                     0x00000000   Number         0  printf_stubs.o ABSOLUTE
    _printf_sizespec                         0x00000000   Number         0  printf_stubs.o ABSOLUTE
    _printf_widthprec                        0x00000000   Number         0  printf_stubs.o ABSOLUTE
    __ARM_exceptions_init                     - Undefined Weak Reference
    __alloca_initialize                       - Undefined Weak Reference
    __arm_preinit_                            - Undefined Weak Reference
    __cpp_initialize__aeabi_                  - Undefined Weak Reference
    __cxa_finalize                            - Undefined Weak Reference
    __sigvec_lookup                           - Undefined Weak Reference
    _atexit_init                              - Undefined Weak Reference
    _call_atexit_fns                          - Undefined Weak Reference
    _clock_init                               - Undefined Weak Reference
    _fp_trap_init                             - Undefined Weak Reference
    _fp_trap_shutdown                         - Undefined Weak Reference
    _get_lc_collate                           - Undefined Weak Reference
    _get_lc_monetary                          - Undefined Weak Reference
    _get_lc_time                              - Undefined Weak Reference
    _getenv_init                              - Undefined Weak Reference
    _handle_redirection                       - Undefined Weak Reference
    _init_alloc                               - Undefined Weak Reference
    _init_user_alloc                          - Undefined Weak Reference
    _initio                                   - Undefined Weak Reference
    _printf_post_padding                      - Undefined Weak Reference
    _printf_pre_padding                       - Undefined Weak Reference
    _rand_init                                - Undefined Weak Reference
    _signal_finish                            - Undefined Weak Reference
    _signal_init                              - Undefined Weak Reference
    _terminate_alloc                          - Undefined Weak Reference
    _terminate_user_alloc                     - Undefined Weak Reference
    _terminateio                              - Undefined Weak Reference
    __Vectors_Size                           0x000000ec   Number         0  startup_stm32f103xb.o ABSOLUTE
    __Vectors                                0x08000000   Data           4  startup_stm32f103xb.o(RESET)
    __Vectors_End                            0x080000ec   Data           0  startup_stm32f103xb.o(RESET)
    __main                                   0x080000ed   Thumb Code     8  __main.o(!!!main)
    __scatterload                            0x080000f5   Thumb Code     0  __scatter.o(!!!scatter)
    __scatterload_rt2                        0x080000f5   Thumb Code    44  __scatter.o(!!!scatter)
    __scatterload_rt2_thumb_only             0x080000f5   Thumb Code     0  __scatter.o(!!!scatter)
    __scatterload_null                       0x08000103   Thumb Code     0  __scatter.o(!!!scatter)
    __scatterload_copy                       0x08000129   Thumb Code    26  __scatter_copy.o(!!handler_copy)
    __scatterload_zeroinit                   0x08000145   Thumb Code    28  __scatter_zi.o(!!handler_zi)
    __rt_lib_init                            0x08000161   Thumb Code     0  libinit.o(.ARM.Collect$$libinit$$00000000)
    __rt_lib_init_fp_1                       0x08000163   Thumb Code     0  libinit2.o(.ARM.Collect$$libinit$$00000002)
    __rt_lib_init_heap_1                     0x08000163   Thumb Code     0  libinit2.o(.ARM.Collect$$libinit$$0000000A)
    __rt_lib_init_lc_common                  0x08000163   Thumb Code     0  libinit2.o(.ARM.Collect$$libinit$$0000000F)
    __rt_lib_init_preinit_1                  0x08000163   Thumb Code     0  libinit2.o(.ARM.Collect$$libinit$$00000004)
    __rt_lib_init_rand_1                     0x08000163   Thumb Code     0  libinit2.o(.ARM.Collect$$libinit$$0000000E)
    __rt_lib_init_user_alloc_1               0x08000163   Thumb Code     0  libinit2.o(.ARM.Collect$$libinit$$0000000C)
    __rt_lib_init_lc_collate_1               0x08000169   Thumb Code     0  libinit2.o(.ARM.Collect$$libinit$$00000011)
    __rt_lib_init_lc_ctype_2                 0x08000169   Thumb Code     0  libinit2.o(.ARM.Collect$$libinit$$00000012)
    __rt_lib_init_lc_ctype_1                 0x08000175   Thumb Code     0  libinit2.o(.ARM.Collect$$libinit$$00000013)
    __rt_lib_init_lc_monetary_1              0x08000175   Thumb Code     0  libinit2.o(.ARM.Collect$$libinit$$00000015)
    __rt_lib_init_lc_numeric_2               0x08000175   Thumb Code     0  libinit2.o(.ARM.Collect$$libinit$$00000016)
    __rt_lib_init_alloca_1                   0x0800017f   Thumb Code     0  libinit2.o(.ARM.Collect$$libinit$$0000002E)
    __rt_lib_init_argv_1                     0x0800017f   Thumb Code     0  libinit2.o(.ARM.Collect$$libinit$$0000002C)
    __rt_lib_init_atexit_1                   0x0800017f   Thumb Code     0  libinit2.o(.ARM.Collect$$libinit$$0000001B)
    __rt_lib_init_clock_1                    0x0800017f   Thumb Code     0  libinit2.o(.ARM.Collect$$libinit$$00000021)
    __rt_lib_init_cpp_1                      0x0800017f   Thumb Code     0  libinit2.o(.ARM.Collect$$libinit$$00000032)
    __rt_lib_init_exceptions_1               0x0800017f   Thumb Code     0  libinit2.o(.ARM.Collect$$libinit$$00000030)
    __rt_lib_init_fp_trap_1                  0x0800017f   Thumb Code     0  libinit2.o(.ARM.Collect$$libinit$$0000001F)
    __rt_lib_init_getenv_1                   0x0800017f   Thumb Code     0  libinit2.o(.ARM.Collect$$libinit$$00000023)
    __rt_lib_init_lc_numeric_1               0x0800017f   Thumb Code     0  libinit2.o(.ARM.Collect$$libinit$$00000017)
    __rt_lib_init_lc_time_1                  0x0800017f   Thumb Code     0  libinit2.o(.ARM.Collect$$libinit$$00000019)
    __rt_lib_init_return                     0x0800017f   Thumb Code     0  libinit2.o(.ARM.Collect$$libinit$$00000033)
    __rt_lib_init_signal_1                   0x0800017f   Thumb Code     0  libinit2.o(.ARM.Collect$$libinit$$0000001D)
    __rt_lib_init_stdio_1                    0x0800017f   Thumb Code     0  libinit2.o(.ARM.Collect$$libinit$$00000025)
    __rt_lib_shutdown                        0x08000181   Thumb Code     0  libshutdown.o(.ARM.Collect$$libshutdown$$00000000)
    __rt_lib_shutdown_cpp_1                  0x08000183   Thumb Code     0  libshutdown2.o(.ARM.Collect$$libshutdown$$00000002)
    __rt_lib_shutdown_fp_trap_1              0x08000183   Thumb Code     0  libshutdown2.o(.ARM.Collect$$libshutdown$$00000007)
    __rt_lib_shutdown_heap_1                 0x08000183   Thumb Code     0  libshutdown2.o(.ARM.Collect$$libshutdown$$0000000F)
    __rt_lib_shutdown_return                 0x08000183   Thumb Code     0  libshutdown2.o(.ARM.Collect$$libshutdown$$00000010)
    __rt_lib_shutdown_signal_1               0x08000183   Thumb Code     0  libshutdown2.o(.ARM.Collect$$libshutdown$$0000000A)
    __rt_lib_shutdown_stdio_1                0x08000183   Thumb Code     0  libshutdown2.o(.ARM.Collect$$libshutdown$$00000004)
    __rt_lib_shutdown_user_alloc_1           0x08000183   Thumb Code     0  libshutdown2.o(.ARM.Collect$$libshutdown$$0000000C)
    __rt_entry                               0x08000185   Thumb Code     0  __rtentry.o(.ARM.Collect$$rtentry$$00000000)
    __rt_entry_presh_1                       0x08000185   Thumb Code     0  __rtentry2.o(.ARM.Collect$$rtentry$$00000002)
    __rt_entry_sh                            0x08000185   Thumb Code     0  __rtentry4.o(.ARM.Collect$$rtentry$$00000004)
    __rt_entry_li                            0x0800018b   Thumb Code     0  __rtentry2.o(.ARM.Collect$$rtentry$$0000000A)
    __rt_entry_postsh_1                      0x0800018b   Thumb Code     0  __rtentry2.o(.ARM.Collect$$rtentry$$00000009)
    __rt_entry_main                          0x0800018f   Thumb Code     0  __rtentry2.o(.ARM.Collect$$rtentry$$0000000D)
    __rt_entry_postli_1                      0x0800018f   Thumb Code     0  __rtentry2.o(.ARM.Collect$$rtentry$$0000000C)
    __rt_exit                                0x08000197   Thumb Code     0  rtexit.o(.ARM.Collect$$rtexit$$00000000)
    __rt_exit_ls                             0x08000199   Thumb Code     0  rtexit2.o(.ARM.Collect$$rtexit$$00000003)
    __rt_exit_prels_1                        0x08000199   Thumb Code     0  rtexit2.o(.ARM.Collect$$rtexit$$00000002)
    __rt_exit_exit                           0x0800019d   Thumb Code     0  rtexit2.o(.ARM.Collect$$rtexit$$00000004)
    Reset_Handler                            0x080001a5   Thumb Code     8  startup_stm32f103xb.o(.text)
    ADC1_2_IRQHandler                        0x080001bf   Thumb Code     0  startup_stm32f103xb.o(.text)
    CAN1_RX1_IRQHandler                      0x080001bf   Thumb Code     0  startup_stm32f103xb.o(.text)
    CAN1_SCE_IRQHandler                      0x080001bf   Thumb Code     0  startup_stm32f103xb.o(.text)
    DMA1_Channel1_IRQHandler                 0x080001bf   Thumb Code     0  startup_stm32f103xb.o(.text)
    DMA1_Channel2_IRQHandler                 0x080001bf   Thumb Code     0  startup_stm32f103xb.o(.text)
    DMA1_Channel3_IRQHandler                 0x080001bf   Thumb Code     0  startup_stm32f103xb.o(.text)
    DMA1_Channel4_IRQHandler                 0x080001bf   Thumb Code     0  startup_stm32f103xb.o(.text)
    DMA1_Channel5_IRQHandler                 0x080001bf   Thumb Code     0  startup_stm32f103xb.o(.text)
    DMA1_Channel6_IRQHandler                 0x080001bf   Thumb Code     0  startup_stm32f103xb.o(.text)
    DMA1_Channel7_IRQHandler                 0x080001bf   Thumb Code     0  startup_stm32f103xb.o(.text)
    EXTI0_IRQHandler                         0x080001bf   Thumb Code     0  startup_stm32f103xb.o(.text)
    EXTI15_10_IRQHandler                     0x080001bf   Thumb Code     0  startup_stm32f103xb.o(.text)
    EXTI2_IRQHandler                         0x080001bf   Thumb Code     0  startup_stm32f103xb.o(.text)
    EXTI3_IRQHandler                         0x080001bf   Thumb Code     0  startup_stm32f103xb.o(.text)
    EXTI4_IRQHandler                         0x080001bf   Thumb Code     0  startup_stm32f103xb.o(.text)
    FLASH_IRQHandler                         0x080001bf   Thumb Code     0  startup_stm32f103xb.o(.text)
    I2C1_ER_IRQHandler                       0x080001bf   Thumb Code     0  startup_stm32f103xb.o(.text)
    I2C1_EV_IRQHandler                       0x080001bf   Thumb Code     0  startup_stm32f103xb.o(.text)
    I2C2_ER_IRQHandler                       0x080001bf   Thumb Code     0  startup_stm32f103xb.o(.text)
    I2C2_EV_IRQHandler                       0x080001bf   Thumb Code     0  startup_stm32f103xb.o(.text)
    PVD_IRQHandler                           0x080001bf   Thumb Code     0  startup_stm32f103xb.o(.text)
    RCC_IRQHandler                           0x080001bf   Thumb Code     0  startup_stm32f103xb.o(.text)
    RTC_Alarm_IRQHandler                     0x080001bf   Thumb Code     0  startup_stm32f103xb.o(.text)
    RTC_IRQHandler                           0x080001bf   Thumb Code     0  startup_stm32f103xb.o(.text)
    SPI1_IRQHandler                          0x080001bf   Thumb Code     0  startup_stm32f103xb.o(.text)
    SPI2_IRQHandler                          0x080001bf   Thumb Code     0  startup_stm32f103xb.o(.text)
    TAMPER_IRQHandler                        0x080001bf   Thumb Code     0  startup_stm32f103xb.o(.text)
    TIM1_BRK_IRQHandler                      0x080001bf   Thumb Code     0  startup_stm32f103xb.o(.text)
    TIM1_CC_IRQHandler                       0x080001bf   Thumb Code     0  startup_stm32f103xb.o(.text)
    TIM1_TRG_COM_IRQHandler                  0x080001bf   Thumb Code     0  startup_stm32f103xb.o(.text)
    TIM1_UP_IRQHandler                       0x080001bf   Thumb Code     0  startup_stm32f103xb.o(.text)
    TIM2_IRQHandler                          0x080001bf   Thumb Code     0  startup_stm32f103xb.o(.text)
    TIM3_IRQHandler                          0x080001bf   Thumb Code     0  startup_stm32f103xb.o(.text)
    TIM4_IRQHandler                          0x080001bf   Thumb Code     0  startup_stm32f103xb.o(.text)
    USART2_IRQHandler                        0x080001bf   Thumb Code     0  startup_stm32f103xb.o(.text)
    USART3_IRQHandler                        0x080001bf   Thumb Code     0  startup_stm32f103xb.o(.text)
    USBWakeUp_IRQHandler                     0x080001bf   Thumb Code     0  startup_stm32f103xb.o(.text)
    USB_HP_CAN1_TX_IRQHandler                0x080001bf   Thumb Code     0  startup_stm32f103xb.o(.text)
    USB_LP_CAN1_RX0_IRQHandler               0x080001bf   Thumb Code     0  startup_stm32f103xb.o(.text)
    WWDG_IRQHandler                          0x080001bf   Thumb Code     0  startup_stm32f103xb.o(.text)
    __user_initial_stackheap                 0x080001c1   Thumb Code     0  startup_stm32f103xb.o(.text)
    atoi                                     0x080001e5   Thumb Code    26  atoi.o(.text)
    strtok                                   0x08000201   Thumb Code     6  strtok.o(.text)
    strstr                                   0x0800020d   Thumb Code    36  strstr.o(.text)
    strlen                                   0x08000231   Thumb Code    62  strlen.o(.text)
    __aeabi_memcpy4                          0x0800026f   Thumb Code     0  rt_memcpy_w.o(.text)
    __aeabi_memcpy8                          0x0800026f   Thumb Code     0  rt_memcpy_w.o(.text)
    __rt_memcpy_w                            0x0800026f   Thumb Code   100  rt_memcpy_w.o(.text)
    _memcpy_lastbytes_aligned                0x080002b7   Thumb Code     0  rt_memcpy_w.o(.text)
    __aeabi_memclr4                          0x080002d3   Thumb Code     0  rt_memclr_w.o(.text)
    __aeabi_memclr8                          0x080002d3   Thumb Code     0  rt_memclr_w.o(.text)
    __rt_memclr_w                            0x080002d3   Thumb Code    78  rt_memclr_w.o(.text)
    _memset_w                                0x080002d7   Thumb Code     0  rt_memclr_w.o(.text)
    __use_two_region_memory                  0x08000321   Thumb Code     2  heapauxi.o(.text)
    __rt_heap_escrow$2region                 0x08000323   Thumb Code     2  heapauxi.o(.text)
    __rt_heap_expand$2region                 0x08000325   Thumb Code     2  heapauxi.o(.text)
    __aeabi_errno_addr                       0x08000329   Thumb Code     8  rt_errno_addr_intlibspace.o(.text)
    __errno$intlibspace                      0x08000329   Thumb Code     0  rt_errno_addr_intlibspace.o(.text)
    __rt_errno_addr$intlibspace              0x08000329   Thumb Code     0  rt_errno_addr_intlibspace.o(.text)
    __read_errno                             0x08000331   Thumb Code    10  _rserrno.o(.text)
    __set_errno                              0x0800033b   Thumb Code    12  _rserrno.o(.text)
    __strtod_int                             0x08000385   Thumb Code    90  strtod.o(.text)
    strtol                                   0x080003ed   Thumb Code   112  strtol.o(.text)
    __strtok_internal                        0x0800045d   Thumb Code    64  strtok_int.o(.text)
    __user_libspace                          0x080004a1   Thumb Code     8  libspace.o(.text)
    __user_perproc_libspace                  0x080004a1   Thumb Code     0  libspace.o(.text)
    __user_perthread_libspace                0x080004a1   Thumb Code     0  libspace.o(.text)
    __rt_ctype_table                         0x080004a9   Thumb Code    16  rt_ctype_table.o(.text)
    __rt_locale                              0x080004b9   Thumb Code     8  rt_locale_intlibspace.o(.text)
    isspace                                  0x080004c1   Thumb Code    18  isspace.o(.text)
    _sgetc                                   0x080004d3   Thumb Code    30  _sgetc.o(.text)
    _sbackspace                              0x080004f1   Thumb Code    34  _sgetc.o(.text)
    _strtoul                                 0x08000513   Thumb Code   158  _strtoul.o(.text)
    _btod_etento                             0x080005b1   Thumb Code   224  bigflt0.o(.text)
    strcspn                                  0x08000695   Thumb Code    32  strcspn.o(.text)
    strspn                                   0x080006b5   Thumb Code    28  strspn.o(.text)
    __user_setup_stackheap                   0x080006d1   Thumb Code    74  sys_stackheap_outer.o(.text)
    _chval                                   0x0800071b   Thumb Code    28  _chval.o(.text)
    _scanf_really_real                       0x08000985   Thumb Code   684  scanf_fp.o(.text)
    exit                                     0x08000c31   Thumb Code    18  exit.o(.text)
    strcmp                                   0x08000c45   Thumb Code   128  strcmpv7m.o(.text)
    _scanf_really_hex_real                   0x08000cc5   Thumb Code   786  scanf_hexfp.o(.text)
    _scanf_really_infnan                     0x08000fe5   Thumb Code   292  scanf_infnan.o(.text)
    _sys_exit                                0x08001119   Thumb Code     8  sys_exit.o(.text)
    __aeabi_llsl                             0x08001125   Thumb Code     0  llshl.o(.text)
    _ll_shift_l                              0x08001125   Thumb Code    38  llshl.o(.text)
    __I$use$semihosting                      0x0800114b   Thumb Code     0  use_no_semi.o(.text)
    __use_no_semihosting_swi                 0x0800114b   Thumb Code     2  use_no_semi.o(.text)
    __btod_div_common                        0x0800114d   Thumb Code   696  btod.o(CL$$btod_div_common)
    __semihosting_library_function           0x0800114d   Thumb Code     0  indicate_semi.o(.text)
    _e2d                                     0x08001485   Thumb Code   122  btod.o(CL$$btod_e2d)
    _e2e                                     0x08001509   Thumb Code   220  btod.o(CL$$btod_e2e)
    _btod_ediv                               0x080015e5   Thumb Code    42  btod.o(CL$$btod_ediv)
    _btod_edivd                              0x0800160f   Thumb Code    42  btod.o(CL$$btod_edivd)
    _btod_emul                               0x08001639   Thumb Code    42  btod.o(CL$$btod_emul)
    _btod_emuld                              0x08001663   Thumb Code    42  btod.o(CL$$btod_emuld)
    __btod_mult_common                       0x0800168d   Thumb Code   580  btod.o(CL$$btod_mult_common)
    BusFault_Handler                         0x080018d1   Thumb Code     2  stm32f1xx_it.o(i.BusFault_Handler)
    DebugMon_Handler                         0x080018d3   Thumb Code     2  stm32f1xx_it.o(i.DebugMon_Handler)
    EXTI1_IRQHandler                         0x080018d5   Thumb Code     6  stm32f1xx_it.o(i.EXTI1_IRQHandler)
    EXTI9_5_IRQHandler                       0x080018db   Thumb Code     8  stm32f1xx_it.o(i.EXTI9_5_IRQHandler)
    Error_Handler                            0x080018e3   Thumb Code     4  main.o(i.Error_Handler)
    GPS_GetData                              0x080018e9   Thumb Code    32  gps.o(i.GPS_GetData)
    GPS_Init                                 0x08001911   Thumb Code    30  gps.o(i.GPS_Init)
    GPS_ProcessData                          0x08001ad9   Thumb Code    44  gps.o(i.GPS_ProcessData)
    HAL_DMA_Abort                            0x08001b0d   Thumb Code    70  stm32f1xx_hal_dma.o(i.HAL_DMA_Abort)
    HAL_DMA_Abort_IT                         0x08001b55   Thumb Code   148  stm32f1xx_hal_dma.o(i.HAL_DMA_Abort_IT)
    HAL_Delay                                0x08001bed   Thumb Code    32  stm32f1xx_hal.o(i.HAL_Delay)
    HAL_GPIO_EXTI_Callback                   0x08001c11   Thumb Code     2  stm32f1xx_hal_gpio.o(i.HAL_GPIO_EXTI_Callback)
    HAL_GPIO_EXTI_IRQHandler                 0x08001c15   Thumb Code    18  stm32f1xx_hal_gpio.o(i.HAL_GPIO_EXTI_IRQHandler)
    HAL_GPIO_Init                            0x08001c2d   Thumb Code   446  stm32f1xx_hal_gpio.o(i.HAL_GPIO_Init)
    HAL_GPIO_ReadPin                         0x08001e0d   Thumb Code    10  stm32f1xx_hal_gpio.o(i.HAL_GPIO_ReadPin)
    HAL_GPIO_WritePin                        0x08001e17   Thumb Code    10  stm32f1xx_hal_gpio.o(i.HAL_GPIO_WritePin)
    HAL_GetTick                              0x08001e21   Thumb Code     6  stm32f1xx_hal.o(i.HAL_GetTick)
    HAL_I2C_Init                             0x08001e2d   Thumb Code   376  stm32f1xx_hal_i2c.o(i.HAL_I2C_Init)
    HAL_I2C_Master_Receive                   0x08001fb5   Thumb Code   576  stm32f1xx_hal_i2c.o(i.HAL_I2C_Master_Receive)
    HAL_I2C_Master_Transmit                  0x08002205   Thumb Code   290  stm32f1xx_hal_i2c.o(i.HAL_I2C_Master_Transmit)
    HAL_I2C_MspInit                          0x08002331   Thumb Code    80  i2c.o(i.HAL_I2C_MspInit)
    HAL_IncTick                              0x0800238d   Thumb Code    12  stm32f1xx_hal.o(i.HAL_IncTick)
    HAL_Init                                 0x0800239d   Thumb Code    32  stm32f1xx_hal.o(i.HAL_Init)
    HAL_InitTick                             0x080023c1   Thumb Code    54  stm32f1xx_hal.o(i.HAL_InitTick)
    HAL_MspInit                              0x08002401   Thumb Code    52  stm32f1xx_hal_msp.o(i.HAL_MspInit)
    HAL_NVIC_EnableIRQ                       0x0800243d   Thumb Code    26  stm32f1xx_hal_cortex.o(i.HAL_NVIC_EnableIRQ)
    HAL_NVIC_SetPriority                     0x08002459   Thumb Code    60  stm32f1xx_hal_cortex.o(i.HAL_NVIC_SetPriority)
    HAL_NVIC_SetPriorityGrouping             0x08002499   Thumb Code    26  stm32f1xx_hal_cortex.o(i.HAL_NVIC_SetPriorityGrouping)
    HAL_RCC_ClockConfig                      0x080024bd   Thumb Code   280  stm32f1xx_hal_rcc.o(i.HAL_RCC_ClockConfig)
    HAL_RCC_GetPCLK1Freq                     0x080025e9   Thumb Code    20  stm32f1xx_hal_rcc.o(i.HAL_RCC_GetPCLK1Freq)
    HAL_RCC_GetPCLK2Freq                     0x08002609   Thumb Code    20  stm32f1xx_hal_rcc.o(i.HAL_RCC_GetPCLK2Freq)
    HAL_RCC_GetSysClockFreq                  0x08002629   Thumb Code    58  stm32f1xx_hal_rcc.o(i.HAL_RCC_GetSysClockFreq)
    HAL_RCC_OscConfig                        0x08002675   Thumb Code   778  stm32f1xx_hal_rcc.o(i.HAL_RCC_OscConfig)
    HAL_SYSTICK_Config                       0x08002995   Thumb Code    40  stm32f1xx_hal_cortex.o(i.HAL_SYSTICK_Config)
    HAL_UARTEx_RxEventCallback               0x080029bd   Thumb Code     2  stm32f1xx_hal_uart.o(i.HAL_UARTEx_RxEventCallback)
    HAL_UART_ErrorCallback                   0x080029bf   Thumb Code     2  stm32f1xx_hal_uart.o(i.HAL_UART_ErrorCallback)
    HAL_UART_IRQHandler                      0x080029c1   Thumb Code   616  stm32f1xx_hal_uart.o(i.HAL_UART_IRQHandler)
    HAL_UART_Init                            0x08002c2d   Thumb Code   100  stm32f1xx_hal_uart.o(i.HAL_UART_Init)
    HAL_UART_MspInit                         0x08002c91   Thumb Code   116  usart.o(i.HAL_UART_MspInit)
    HAL_UART_Receive_IT                      0x08002d11   Thumb Code    28  stm32f1xx_hal_uart.o(i.HAL_UART_Receive_IT)
    HAL_UART_RxCpltCallback                  0x08002d2d   Thumb Code    36  main.o(i.HAL_UART_RxCpltCallback)
    HAL_UART_TxCpltCallback                  0x08002d5d   Thumb Code     2  stm32f1xx_hal_uart.o(i.HAL_UART_TxCpltCallback)
    HardFault_Handler                        0x08002d5f   Thumb Code     2  stm32f1xx_it.o(i.HardFault_Handler)
    MAX30102_CalculateHeartRateAndSpO2       0x08003185   Thumb Code   274  max30102.o(i.MAX30102_CalculateHeartRateAndSpO2)
    MAX30102_Init                            0x080035c1   Thumb Code    88  max30102.o(i.MAX30102_Init)
    MAX30102_ReadFIFO                        0x08003619   Thumb Code   122  max30102.o(i.MAX30102_ReadFIFO)
    MAX30102_Reset                           0x08003693   Thumb Code    20  max30102.o(i.MAX30102_Reset)
    MAX30102_SetMode                         0x080036e9   Thumb Code     8  max30102.o(i.MAX30102_SetMode)
    MPU6050_Init                             0x080036f1   Thumb Code    64  mpu6050.o(i.MPU6050_Init)
    MPU6050_ReadData                         0x08003731   Thumb Code    98  mpu6050.o(i.MPU6050_ReadData)
    MPU6050_ReadID                           0x080037a1   Thumb Code     6  mpu6050.o(i.MPU6050_ReadID)
    MPU6050_ReadMulti                        0x080037a9   Thumb Code    52  mpu6050.o(i.MPU6050_ReadMulti)
    MPU6050_ReadReg                          0x080037e5   Thumb Code    50  mpu6050.o(i.MPU6050_ReadReg)
    MPU6050_WriteReg                         0x08003821   Thumb Code    32  mpu6050.o(i.MPU6050_WriteReg)
    MX_GPIO_Init                             0x08003849   Thumb Code   240  gpio.o(i.MX_GPIO_Init)
    MX_I2C1_Init                             0x0800394d   Thumb Code    50  i2c.o(i.MX_I2C1_Init)
    MX_USART1_UART_Init                      0x0800398d   Thumb Code    48  usart.o(i.MX_USART1_UART_Init)
    MemManage_Handler                        0x080039c5   Thumb Code     2  stm32f1xx_it.o(i.MemManage_Handler)
    NMI_Handler                              0x080039c7   Thumb Code     2  stm32f1xx_it.o(i.NMI_Handler)
    OLED_Clear                               0x080039c9   Thumb Code    40  oled.o(i.OLED_Clear)
    OLED_DrawPoint                           0x080039f5   Thumb Code    40  oled.o(i.OLED_DrawPoint)
    OLED_Init                                0x08003a21   Thumb Code   266  oled.o(i.OLED_Init)
    OLED_Pow                                 0x08003b31   Thumb Code    16  oled.o(i.OLED_Pow)
    OLED_Refresh                             0x08003b41   Thumb Code    70  oled.o(i.OLED_Refresh)
    OLED_ShowChar                            0x08003b8d   Thumb Code   212  oled.o(i.OLED_ShowChar)
    OLED_ShowNum                             0x08003c71   Thumb Code   110  oled.o(i.OLED_ShowNum)
    OLED_ShowString                          0x08003cdf   Thumb Code    60  oled.o(i.OLED_ShowString)
    OLED_WR_Byte                             0x08003d1d   Thumb Code   124  oled.o(i.OLED_WR_Byte)
    PendSV_Handler                           0x08003da1   Thumb Code     2  stm32f1xx_it.o(i.PendSV_Handler)
    SVC_Handler                              0x08003da3   Thumb Code     2  stm32f1xx_it.o(i.SVC_Handler)
    SysTick_Handler                          0x08003da5   Thumb Code     4  stm32f1xx_it.o(i.SysTick_Handler)
    SystemClock_Config                       0x08003da9   Thumb Code    94  main.o(i.SystemClock_Config)
    SystemInit                               0x08003e07   Thumb Code     2  system_stm32f1xx.o(i.SystemInit)
    UART_Start_Receive_IT                    0x08003fe1   Thumb Code    54  stm32f1xx_hal_uart.o(i.UART_Start_Receive_IT)
    USART1_IRQHandler                        0x08004019   Thumb Code     6  stm32f1xx_it.o(i.USART1_IRQHandler)
    UsageFault_Handler                       0x08004025   Thumb Code     2  stm32f1xx_it.o(i.UsageFault_Handler)
    __mathlib_dbl_overflow                   0x08004047   Thumb Code    14  dunder.o(i.__mathlib_dbl_overflow)
    __mathlib_dbl_underflow                  0x08004055   Thumb Code    10  dunder.o(i.__mathlib_dbl_underflow)
    __mathlib_narrow                         0x08004065   Thumb Code    16  narrow.o(i.__mathlib_narrow)
    __mathlib_tofloat                        0x08004075   Thumb Code   184  narrow.o(i.__mathlib_tofloat)
    __support_ldexp                          0x08004131   Thumb Code    22  ldexp.o(i.__support_ldexp)
    _is_digit                                0x08004147   Thumb Code    14  __printf_wp.o(i._is_digit)
    atof                                     0x08004155   Thumb Code    42  atof.o(i.atof)
    frexp                                    0x08004181   Thumb Code    80  frexp.o(i.frexp)
    ldexp                                    0x080041d9   Thumb Code   116  ldexp.o(i.ldexp)
    main                                     0x0800424d   Thumb Code   816  main.o(i.main)
    _get_lc_numeric                          0x080045fd   Thumb Code    44  lc_numeric_c.o(locale$$code)
    _get_lc_ctype                            0x08004629   Thumb Code    44  lc_ctype_c.o(locale$$code)
    __aeabi_d2f                              0x08004655   Thumb Code     0  d2f.o(x$fpl$d2f)
    _d2f                                     0x08004655   Thumb Code    98  d2f.o(x$fpl$d2f)
    __aeabi_dadd                             0x080046b9   Thumb Code     0  daddsub_clz.o(x$fpl$dadd)
    _dadd                                    0x080046b9   Thumb Code   332  daddsub_clz.o(x$fpl$dadd)
    __fpl_dcheck_NaN1                        0x08004809   Thumb Code    10  dcheck1.o(x$fpl$dcheck1)
    __fpl_dcmp_Inf                           0x08004819   Thumb Code    24  dcmpi.o(x$fpl$dcmpinf)
    __aeabi_ddiv                             0x08004831   Thumb Code     0  ddiv.o(x$fpl$ddiv)
    _ddiv                                    0x08004831   Thumb Code   552  ddiv.o(x$fpl$ddiv)
    __aeabi_cdcmpeq                          0x08004ae1   Thumb Code     0  deqf.o(x$fpl$deqf)
    _dcmpeq                                  0x08004ae1   Thumb Code   120  deqf.o(x$fpl$deqf)
    __aeabi_i2d                              0x08004b59   Thumb Code     0  dflt_clz.o(x$fpl$dflt)
    _dflt                                    0x08004b59   Thumb Code    46  dflt_clz.o(x$fpl$dflt)
    __aeabi_cdcmple                          0x08004b89   Thumb Code     0  dleqf.o(x$fpl$dleqf)
    _dcmple                                  0x08004b89   Thumb Code   120  dleqf.o(x$fpl$dleqf)
    __fpl_dcmple_InfNaN                      0x08004beb   Thumb Code     0  dleqf.o(x$fpl$dleqf)
    __aeabi_dmul                             0x08004c01   Thumb Code     0  dmul.o(x$fpl$dmul)
    _dmul                                    0x08004c01   Thumb Code   332  dmul.o(x$fpl$dmul)
    __fpl_dnaninf                            0x08004d55   Thumb Code   156  dnaninf.o(x$fpl$dnaninf)
    __fpl_dretinf                            0x08004df1   Thumb Code    12  dretinf.o(x$fpl$dretinf)
    __aeabi_cdrcmple                         0x08004dfd   Thumb Code     0  drleqf.o(x$fpl$drleqf)
    _drcmple                                 0x08004dfd   Thumb Code   108  drleqf.o(x$fpl$drleqf)
    __aeabi_drsub                            0x08004e69   Thumb Code     0  daddsub_clz.o(x$fpl$drsb)
    _drsb                                    0x08004e69   Thumb Code    22  daddsub_clz.o(x$fpl$drsb)
    __aeabi_dsub                             0x08004e81   Thumb Code     0  daddsub_clz.o(x$fpl$dsub)
    _dsub                                    0x08004e81   Thumb Code   464  daddsub_clz.o(x$fpl$dsub)
    __aeabi_f2d                              0x08005055   Thumb Code     0  f2d.o(x$fpl$f2d)
    _f2d                                     0x08005055   Thumb Code    86  f2d.o(x$fpl$f2d)
    __aeabi_fadd                             0x080050ad   Thumb Code     0  faddsub_clz.o(x$fpl$fadd)
    _fadd                                    0x080050ad   Thumb Code   196  faddsub_clz.o(x$fpl$fadd)
    __aeabi_fdiv                             0x08005171   Thumb Code     0  fdiv.o(x$fpl$fdiv)
    _fdiv                                    0x08005171   Thumb Code   384  fdiv.o(x$fpl$fdiv)
    __aeabi_f2iz                             0x080052f5   Thumb Code     0  ffix.o(x$fpl$ffix)
    _ffix                                    0x080052f5   Thumb Code    54  ffix.o(x$fpl$ffix)
    __aeabi_f2uiz                            0x0800532d   Thumb Code     0  ffixu.o(x$fpl$ffixu)
    _ffixu                                   0x0800532d   Thumb Code    62  ffixu.o(x$fpl$ffixu)
    __aeabi_i2f                              0x0800536d   Thumb Code     0  fflt_clz.o(x$fpl$fflt)
    _fflt                                    0x0800536d   Thumb Code    48  fflt_clz.o(x$fpl$fflt)
    __aeabi_ui2f                             0x0800539d   Thumb Code     0  fflt_clz.o(x$fpl$ffltu)
    _ffltu                                   0x0800539d   Thumb Code    38  fflt_clz.o(x$fpl$ffltu)
    __aeabi_fmul                             0x080053c5   Thumb Code     0  fmul.o(x$fpl$fmul)
    _fmul                                    0x080053c5   Thumb Code   258  fmul.o(x$fpl$fmul)
    __fpl_fnaninf                            0x080054c7   Thumb Code   140  fnaninf.o(x$fpl$fnaninf)
    __fpl_fretinf                            0x08005553   Thumb Code    10  fretinf.o(x$fpl$fretinf)
    __aeabi_frsub                            0x0800555d   Thumb Code     0  faddsub_clz.o(x$fpl$frsb)
    _frsb                                    0x0800555d   Thumb Code    20  faddsub_clz.o(x$fpl$frsb)
    __aeabi_fsub                             0x08005571   Thumb Code     0  faddsub_clz.o(x$fpl$fsub)
    _fsub                                    0x08005571   Thumb Code   234  faddsub_clz.o(x$fpl$fsub)
    __ieee_status                            0x0800565b   Thumb Code     6  istatus.o(x$fpl$ieeestatus)
    __fpl_return_NaN                         0x08005661   Thumb Code   100  retnan.o(x$fpl$retnan)
    __ARM_scalbn                             0x080056c5   Thumb Code    92  scalbn.o(x$fpl$scalbn)
    _scanf_real                              0x08005721   Thumb Code     4  scanf1.o(x$fpl$scanf1)
    _scanf_hex_real                          0x08005725   Thumb Code     4  scanf2.o(x$fpl$scanf2)
    _scanf_infnan                            0x08005729   Thumb Code     4  scanf2.o(x$fpl$scanf2)
    __fpl_cmpreturn                          0x0800572d   Thumb Code    48  trapv.o(x$fpl$trapveneer)
    __I$use$fp                               0x0800575c   Number         0  usenofp.o(x$fpl$usenofp)
    AHBPrescTable                            0x0800576e   Data          16  system_stm32f1xx.o(.constdata)
    APBPrescTable                            0x0800577e   Data           8  system_stm32f1xx.o(.constdata)
    asc2_0806                                0x08005786   Data         552  oled.o(.constdata)
    asc2_1206                                0x080059ae   Data        1140  oled.o(.constdata)
    asc2_1608                                0x08005e22   Data        1520  oled.o(.constdata)
    asc2_2412                                0x08006412   Data        3420  oled.o(.constdata)
    Hzk1                                     0x0800716e   Data         352  oled.o(.constdata)
    Hzk2                                     0x080072ce   Data          72  oled.o(.constdata)
    Hzk3                                     0x08007316   Data         128  oled.o(.constdata)
    Hzk4                                     0x08007396   Data         512  oled.o(.constdata)
    Region$$Table$$Base                      0x0800762c   Number         0  anon$$obj.o(Region$$Table)
    Region$$Table$$Limit                     0x0800764c   Number         0  anon$$obj.o(Region$$Table)
    __aeabi_HUGE_VAL                         0x0800764c   Data           0  fpconst.o(c$$dinf)
    __aeabi_HUGE_VALL                        0x0800764c   Data           0  fpconst.o(c$$dinf)
    __aeabi_INFINITY                         0x0800764c   Data           0  fpconst.o(c$$dinf)
    __dInf                                   0x0800764c   Data           0  fpconst.o(c$$dinf)
    __huge_val                               0x0800764c   Data           0  fpconst.o(c$$dinf)
    __dbl_max                                0x08007654   Data           0  fpconst.o(c$$dmax)
    __ctype                                  0x08007685   Data           0  lc_ctype_c.o(locale$$data)
    gps_rx_buf                               0x20000001   Data           1  main.o(.data)
    uwTickFreq                               0x20000004   Data           1  stm32f1xx_hal.o(.data)
    uwTickPrio                               0x20000008   Data           4  stm32f1xx_hal.o(.data)
    uwTick                                   0x2000000c   Data           4  stm32f1xx_hal.o(.data)
    SystemCoreClock                          0x20000010   Data           4  system_stm32f1xx.o(.data)
    max30102_data                            0x2000002c   Data          16  main.o(.bss)
    mpu6050_data                             0x2000003c   Data          16  main.o(.bss)
    gps_data                                 0x2000004c   Data          24  main.o(.bss)
    hi2c1                                    0x20000064   Data          84  i2c.o(.bss)
    huart1                                   0x200000b8   Data          72  usart.o(.bss)
    OLED_GRAM                                0x20000100   Data        1152  oled.o(.bss)
    __libspace_start                         0x200005fc   Data          96  libspace.o(.bss)
    __temporary_stack_top$libspace           0x2000065c   Data           0  libspace.o(.bss)



==============================================================================

Memory Map of the image

  Image Entry point : 0x080000ed

  Load Region LR_IROM1 (Base: 0x08000000, Size: 0x000077b4, Max: 0x00010000, ABSOLUTE)

    Execution Region ER_IROM1 (Exec base: 0x08000000, Load base: 0x08000000, Size: 0x00007788, Max: 0x00010000, ABSOLUTE)

    Exec Addr    Load Addr    Size         Type   Attr      Idx    E Section Name        Object

    0x08000000   0x08000000   0x000000ec   Data   RO            3    RESET               startup_stm32f103xb.o
    0x080000ec   0x080000ec   0x00000008   Code   RO         2698  * !!!main             c_w.l(__main.o)
    0x080000f4   0x080000f4   0x00000034   Code   RO         3073    !!!scatter          c_w.l(__scatter.o)
    0x08000128   0x08000128   0x0000001a   Code   RO         3075    !!handler_copy      c_w.l(__scatter_copy.o)
    0x08000142   0x08000142   0x00000002   PAD
    0x08000144   0x08000144   0x0000001c   Code   RO         3077    !!handler_zi        c_w.l(__scatter_zi.o)
    0x08000160   0x08000160   0x00000002   Code   RO         2883    .ARM.Collect$$libinit$$00000000  c_w.l(libinit.o)
    0x08000162   0x08000162   0x00000000   Code   RO         2885    .ARM.Collect$$libinit$$00000002  c_w.l(libinit2.o)
    0x08000162   0x08000162   0x00000000   Code   RO         2887    .ARM.Collect$$libinit$$00000004  c_w.l(libinit2.o)
    0x08000162   0x08000162   0x00000000   Code   RO         2890    .ARM.Collect$$libinit$$0000000A  c_w.l(libinit2.o)
    0x08000162   0x08000162   0x00000000   Code   RO         2892    .ARM.Collect$$libinit$$0000000C  c_w.l(libinit2.o)
    0x08000162   0x08000162   0x00000000   Code   RO         2894    .ARM.Collect$$libinit$$0000000E  c_w.l(libinit2.o)
    0x08000162   0x08000162   0x00000006   Code   RO         2895    .ARM.Collect$$libinit$$0000000F  c_w.l(libinit2.o)
    0x08000168   0x08000168   0x00000000   Code   RO         2897    .ARM.Collect$$libinit$$00000011  c_w.l(libinit2.o)
    0x08000168   0x08000168   0x0000000c   Code   RO         2898    .ARM.Collect$$libinit$$00000012  c_w.l(libinit2.o)
    0x08000174   0x08000174   0x00000000   Code   RO         2899    .ARM.Collect$$libinit$$00000013  c_w.l(libinit2.o)
    0x08000174   0x08000174   0x00000000   Code   RO         2901    .ARM.Collect$$libinit$$00000015  c_w.l(libinit2.o)
    0x08000174   0x08000174   0x0000000a   Code   RO         2902    .ARM.Collect$$libinit$$00000016  c_w.l(libinit2.o)
    0x0800017e   0x0800017e   0x00000000   Code   RO         2903    .ARM.Collect$$libinit$$00000017  c_w.l(libinit2.o)
    0x0800017e   0x0800017e   0x00000000   Code   RO         2905    .ARM.Collect$$libinit$$00000019  c_w.l(libinit2.o)
    0x0800017e   0x0800017e   0x00000000   Code   RO         2907    .ARM.Collect$$libinit$$0000001B  c_w.l(libinit2.o)
    0x0800017e   0x0800017e   0x00000000   Code   RO         2909    .ARM.Collect$$libinit$$0000001D  c_w.l(libinit2.o)
    0x0800017e   0x0800017e   0x00000000   Code   RO         2911    .ARM.Collect$$libinit$$0000001F  c_w.l(libinit2.o)
    0x0800017e   0x0800017e   0x00000000   Code   RO         2913    .ARM.Collect$$libinit$$00000021  c_w.l(libinit2.o)
    0x0800017e   0x0800017e   0x00000000   Code   RO         2915    .ARM.Collect$$libinit$$00000023  c_w.l(libinit2.o)
    0x0800017e   0x0800017e   0x00000000   Code   RO         2917    .ARM.Collect$$libinit$$00000025  c_w.l(libinit2.o)
    0x0800017e   0x0800017e   0x00000000   Code   RO         2921    .ARM.Collect$$libinit$$0000002C  c_w.l(libinit2.o)
    0x0800017e   0x0800017e   0x00000000   Code   RO         2923    .ARM.Collect$$libinit$$0000002E  c_w.l(libinit2.o)
    0x0800017e   0x0800017e   0x00000000   Code   RO         2925    .ARM.Collect$$libinit$$00000030  c_w.l(libinit2.o)
    0x0800017e   0x0800017e   0x00000000   Code   RO         2927    .ARM.Collect$$libinit$$00000032  c_w.l(libinit2.o)
    0x0800017e   0x0800017e   0x00000002   Code   RO         2928    .ARM.Collect$$libinit$$00000033  c_w.l(libinit2.o)
    0x08000180   0x08000180   0x00000002   Code   RO         2990    .ARM.Collect$$libshutdown$$00000000  c_w.l(libshutdown.o)
    0x08000182   0x08000182   0x00000000   Code   RO         3017    .ARM.Collect$$libshutdown$$00000002  c_w.l(libshutdown2.o)
    0x08000182   0x08000182   0x00000000   Code   RO         3019    .ARM.Collect$$libshutdown$$00000004  c_w.l(libshutdown2.o)
    0x08000182   0x08000182   0x00000000   Code   RO         3022    .ARM.Collect$$libshutdown$$00000007  c_w.l(libshutdown2.o)
    0x08000182   0x08000182   0x00000000   Code   RO         3025    .ARM.Collect$$libshutdown$$0000000A  c_w.l(libshutdown2.o)
    0x08000182   0x08000182   0x00000000   Code   RO         3027    .ARM.Collect$$libshutdown$$0000000C  c_w.l(libshutdown2.o)
    0x08000182   0x08000182   0x00000000   Code   RO         3030    .ARM.Collect$$libshutdown$$0000000F  c_w.l(libshutdown2.o)
    0x08000182   0x08000182   0x00000002   Code   RO         3031    .ARM.Collect$$libshutdown$$00000010  c_w.l(libshutdown2.o)
    0x08000184   0x08000184   0x00000000   Code   RO         2756    .ARM.Collect$$rtentry$$00000000  c_w.l(__rtentry.o)
    0x08000184   0x08000184   0x00000000   Code   RO         2792    .ARM.Collect$$rtentry$$00000002  c_w.l(__rtentry2.o)
    0x08000184   0x08000184   0x00000006   Code   RO         2804    .ARM.Collect$$rtentry$$00000004  c_w.l(__rtentry4.o)
    0x0800018a   0x0800018a   0x00000000   Code   RO         2794    .ARM.Collect$$rtentry$$00000009  c_w.l(__rtentry2.o)
    0x0800018a   0x0800018a   0x00000004   Code   RO         2795    .ARM.Collect$$rtentry$$0000000A  c_w.l(__rtentry2.o)
    0x0800018e   0x0800018e   0x00000000   Code   RO         2797    .ARM.Collect$$rtentry$$0000000C  c_w.l(__rtentry2.o)
    0x0800018e   0x0800018e   0x00000008   Code   RO         2798    .ARM.Collect$$rtentry$$0000000D  c_w.l(__rtentry2.o)
    0x08000196   0x08000196   0x00000002   Code   RO         2931    .ARM.Collect$$rtexit$$00000000  c_w.l(rtexit.o)
    0x08000198   0x08000198   0x00000000   Code   RO         2954    .ARM.Collect$$rtexit$$00000002  c_w.l(rtexit2.o)
    0x08000198   0x08000198   0x00000004   Code   RO         2955    .ARM.Collect$$rtexit$$00000003  c_w.l(rtexit2.o)
    0x0800019c   0x0800019c   0x00000006   Code   RO         2956    .ARM.Collect$$rtexit$$00000004  c_w.l(rtexit2.o)
    0x080001a2   0x080001a2   0x00000002   PAD
    0x080001a4   0x080001a4   0x00000040   Code   RO            4    .text               startup_stm32f103xb.o
    0x080001e4   0x080001e4   0x0000001a   Code   RO         2683    .text               c_w.l(atoi.o)
    0x080001fe   0x080001fe   0x00000002   PAD
    0x08000200   0x08000200   0x0000000c   Code   RO         2685    .text               c_w.l(strtok.o)
    0x0800020c   0x0800020c   0x00000024   Code   RO         2688    .text               c_w.l(strstr.o)
    0x08000230   0x08000230   0x0000003e   Code   RO         2690    .text               c_w.l(strlen.o)
    0x0800026e   0x0800026e   0x00000064   Code   RO         2692    .text               c_w.l(rt_memcpy_w.o)
    0x080002d2   0x080002d2   0x0000004e   Code   RO         2694    .text               c_w.l(rt_memclr_w.o)
    0x08000320   0x08000320   0x00000006   Code   RO         2696    .text               c_w.l(heapauxi.o)
    0x08000326   0x08000326   0x00000002   PAD
    0x08000328   0x08000328   0x00000008   Code   RO         2760    .text               c_w.l(rt_errno_addr_intlibspace.o)
    0x08000330   0x08000330   0x00000016   Code   RO         2762    .text               c_w.l(_rserrno.o)
    0x08000346   0x08000346   0x00000002   PAD
    0x08000348   0x08000348   0x000000a4   Code   RO         2771    .text               c_w.l(strtod.o)
    0x080003ec   0x080003ec   0x00000070   Code   RO         2773    .text               c_w.l(strtol.o)
    0x0800045c   0x0800045c   0x00000044   Code   RO         2775    .text               c_w.l(strtok_int.o)
    0x080004a0   0x080004a0   0x00000008   Code   RO         2788    .text               c_w.l(libspace.o)
    0x080004a8   0x080004a8   0x00000010   Code   RO         2806    .text               c_w.l(rt_ctype_table.o)
    0x080004b8   0x080004b8   0x00000008   Code   RO         2811    .text               c_w.l(rt_locale_intlibspace.o)
    0x080004c0   0x080004c0   0x00000012   Code   RO         2815    .text               c_w.l(isspace.o)
    0x080004d2   0x080004d2   0x00000040   Code   RO         2821    .text               c_w.l(_sgetc.o)
    0x08000512   0x08000512   0x0000009e   Code   RO         2823    .text               c_w.l(_strtoul.o)
    0x080005b0   0x080005b0   0x000000e4   Code   RO         2825    .text               c_w.l(bigflt0.o)
    0x08000694   0x08000694   0x00000020   Code   RO         2853    .text               c_w.l(strcspn.o)
    0x080006b4   0x080006b4   0x0000001c   Code   RO         2855    .text               c_w.l(strspn.o)
    0x080006d0   0x080006d0   0x0000004a   Code   RO         2865    .text               c_w.l(sys_stackheap_outer.o)
    0x0800071a   0x0800071a   0x0000001c   Code   RO         2867    .text               c_w.l(_chval.o)
    0x08000736   0x08000736   0x00000002   PAD
    0x08000738   0x08000738   0x000004f8   Code   RO         2869    .text               c_w.l(scanf_fp.o)
    0x08000c30   0x08000c30   0x00000012   Code   RO         2874    .text               c_w.l(exit.o)
    0x08000c42   0x08000c42   0x00000002   PAD
    0x08000c44   0x08000c44   0x00000080   Code   RO         2876    .text               c_w.l(strcmpv7m.o)
    0x08000cc4   0x08000cc4   0x00000320   Code   RO         2960    .text               c_w.l(scanf_hexfp.o)
    0x08000fe4   0x08000fe4   0x00000134   Code   RO         2962    .text               c_w.l(scanf_infnan.o)
    0x08001118   0x08001118   0x0000000c   Code   RO         2978    .text               c_w.l(sys_exit.o)
    0x08001124   0x08001124   0x00000026   Code   RO         2982    .text               c_w.l(llshl.o)
    0x0800114a   0x0800114a   0x00000002   Code   RO         3007    .text               c_w.l(use_no_semi.o)
    0x0800114c   0x0800114c   0x00000000   Code   RO         3009    .text               c_w.l(indicate_semi.o)
    0x0800114c   0x0800114c   0x00000338   Code   RO         2838    CL$$btod_div_common  c_w.l(btod.o)
    0x08001484   0x08001484   0x00000084   Code   RO         2836    CL$$btod_e2d        c_w.l(btod.o)
    0x08001508   0x08001508   0x000000dc   Code   RO         2835    CL$$btod_e2e        c_w.l(btod.o)
    0x080015e4   0x080015e4   0x0000002a   Code   RO         2832    CL$$btod_ediv       c_w.l(btod.o)
    0x0800160e   0x0800160e   0x0000002a   Code   RO         2834    CL$$btod_edivd      c_w.l(btod.o)
    0x08001638   0x08001638   0x0000002a   Code   RO         2831    CL$$btod_emul       c_w.l(btod.o)
    0x08001662   0x08001662   0x0000002a   Code   RO         2833    CL$$btod_emuld      c_w.l(btod.o)
    0x0800168c   0x0800168c   0x00000244   Code   RO         2837    CL$$btod_mult_common  c_w.l(btod.o)
    0x080018d0   0x080018d0   0x00000002   Code   RO          275    i.BusFault_Handler  stm32f1xx_it.o
    0x080018d2   0x080018d2   0x00000002   Code   RO          276    i.DebugMon_Handler  stm32f1xx_it.o
    0x080018d4   0x080018d4   0x00000006   Code   RO          277    i.EXTI1_IRQHandler  stm32f1xx_it.o
    0x080018da   0x080018da   0x00000008   Code   RO          278    i.EXTI9_5_IRQHandler  stm32f1xx_it.o
    0x080018e2   0x080018e2   0x00000004   Code   RO           13    i.Error_Handler     main.o
    0x080018e6   0x080018e6   0x00000002   PAD
    0x080018e8   0x080018e8   0x00000028   Code   RO         2598    i.GPS_GetData       gps.o
    0x08001910   0x08001910   0x00000028   Code   RO         2599    i.GPS_Init          gps.o
    0x08001938   0x08001938   0x000001a0   Code   RO         2600    i.GPS_ParseGGA      gps.o
    0x08001ad8   0x08001ad8   0x00000034   Code   RO         2601    i.GPS_ProcessData   gps.o
    0x08001b0c   0x08001b0c   0x00000046   Code   RO         1247    i.HAL_DMA_Abort     stm32f1xx_hal_dma.o
    0x08001b52   0x08001b52   0x00000002   PAD
    0x08001b54   0x08001b54   0x00000098   Code   RO         1248    i.HAL_DMA_Abort_IT  stm32f1xx_hal_dma.o
    0x08001bec   0x08001bec   0x00000024   Code   RO          873    i.HAL_Delay         stm32f1xx_hal.o
    0x08001c10   0x08001c10   0x00000002   Code   RO         1181    i.HAL_GPIO_EXTI_Callback  stm32f1xx_hal_gpio.o
    0x08001c12   0x08001c12   0x00000002   PAD
    0x08001c14   0x08001c14   0x00000018   Code   RO         1182    i.HAL_GPIO_EXTI_IRQHandler  stm32f1xx_hal_gpio.o
    0x08001c2c   0x08001c2c   0x000001e0   Code   RO         1183    i.HAL_GPIO_Init     stm32f1xx_hal_gpio.o
    0x08001e0c   0x08001e0c   0x0000000a   Code   RO         1185    i.HAL_GPIO_ReadPin  stm32f1xx_hal_gpio.o
    0x08001e16   0x08001e16   0x0000000a   Code   RO         1187    i.HAL_GPIO_WritePin  stm32f1xx_hal_gpio.o
    0x08001e20   0x08001e20   0x0000000c   Code   RO          877    i.HAL_GetTick       stm32f1xx_hal.o
    0x08001e2c   0x08001e2c   0x00000188   Code   RO          440    i.HAL_I2C_Init      stm32f1xx_hal_i2c.o
    0x08001fb4   0x08001fb4   0x00000250   Code   RO          446    i.HAL_I2C_Master_Receive  stm32f1xx_hal_i2c.o
    0x08002204   0x08002204   0x0000012c   Code   RO          453    i.HAL_I2C_Master_Transmit  stm32f1xx_hal_i2c.o
    0x08002330   0x08002330   0x0000005c   Code   RO          192    i.HAL_I2C_MspInit   i2c.o
    0x0800238c   0x0800238c   0x00000010   Code   RO          883    i.HAL_IncTick       stm32f1xx_hal.o
    0x0800239c   0x0800239c   0x00000024   Code   RO          884    i.HAL_Init          stm32f1xx_hal.o
    0x080023c0   0x080023c0   0x00000040   Code   RO          885    i.HAL_InitTick      stm32f1xx_hal.o
    0x08002400   0x08002400   0x0000003c   Code   RO          369    i.HAL_MspInit       stm32f1xx_hal_msp.o
    0x0800243c   0x0800243c   0x0000001a   Code   RO         1343    i.HAL_NVIC_EnableIRQ  stm32f1xx_hal_cortex.o
    0x08002456   0x08002456   0x00000002   PAD
    0x08002458   0x08002458   0x00000040   Code   RO         1349    i.HAL_NVIC_SetPriority  stm32f1xx_hal_cortex.o
    0x08002498   0x08002498   0x00000024   Code   RO         1350    i.HAL_NVIC_SetPriorityGrouping  stm32f1xx_hal_cortex.o
    0x080024bc   0x080024bc   0x0000012c   Code   RO         1041    i.HAL_RCC_ClockConfig  stm32f1xx_hal_rcc.o
    0x080025e8   0x080025e8   0x00000020   Code   RO         1048    i.HAL_RCC_GetPCLK1Freq  stm32f1xx_hal_rcc.o
    0x08002608   0x08002608   0x00000020   Code   RO         1049    i.HAL_RCC_GetPCLK2Freq  stm32f1xx_hal_rcc.o
    0x08002628   0x08002628   0x0000004c   Code   RO         1050    i.HAL_RCC_GetSysClockFreq  stm32f1xx_hal_rcc.o
    0x08002674   0x08002674   0x00000320   Code   RO         1053    i.HAL_RCC_OscConfig  stm32f1xx_hal_rcc.o
    0x08002994   0x08002994   0x00000028   Code   RO         1354    i.HAL_SYSTICK_Config  stm32f1xx_hal_cortex.o
    0x080029bc   0x080029bc   0x00000002   Code   RO         1855    i.HAL_UARTEx_RxEventCallback  stm32f1xx_hal_uart.o
    0x080029be   0x080029be   0x00000002   Code   RO         1869    i.HAL_UART_ErrorCallback  stm32f1xx_hal_uart.o
    0x080029c0   0x080029c0   0x0000026c   Code   RO         1872    i.HAL_UART_IRQHandler  stm32f1xx_hal_uart.o
    0x08002c2c   0x08002c2c   0x00000064   Code   RO         1873    i.HAL_UART_Init     stm32f1xx_hal_uart.o
    0x08002c90   0x08002c90   0x00000080   Code   RO          234    i.HAL_UART_MspInit  usart.o
    0x08002d10   0x08002d10   0x0000001c   Code   RO         1878    i.HAL_UART_Receive_IT  stm32f1xx_hal_uart.o
    0x08002d2c   0x08002d2c   0x00000030   Code   RO           14    i.HAL_UART_RxCpltCallback  main.o
    0x08002d5c   0x08002d5c   0x00000002   Code   RO         1884    i.HAL_UART_TxCpltCallback  stm32f1xx_hal_uart.o
    0x08002d5e   0x08002d5e   0x00000002   Code   RO          279    i.HardFault_Handler  stm32f1xx_it.o
    0x08002d60   0x08002d60   0x0000002e   Code   RO          483    i.I2C_IsAcknowledgeFailed  stm32f1xx_hal_i2c.o
    0x08002d8e   0x08002d8e   0x00000002   PAD
    0x08002d90   0x08002d90   0x000000ec   Code   RO          486    i.I2C_MasterRequestRead  stm32f1xx_hal_i2c.o
    0x08002e7c   0x08002e7c   0x0000009c   Code   RO          487    i.I2C_MasterRequestWrite  stm32f1xx_hal_i2c.o
    0x08002f18   0x08002f18   0x00000056   Code   RO          498    i.I2C_WaitOnBTFFlagUntilTimeout  stm32f1xx_hal_i2c.o
    0x08002f6e   0x08002f6e   0x00000002   PAD
    0x08002f70   0x08002f70   0x00000090   Code   RO          499    i.I2C_WaitOnFlagUntilTimeout  stm32f1xx_hal_i2c.o
    0x08003000   0x08003000   0x000000bc   Code   RO          500    i.I2C_WaitOnMasterAddressFlagUntilTimeout  stm32f1xx_hal_i2c.o
    0x080030bc   0x080030bc   0x00000070   Code   RO          501    i.I2C_WaitOnRXNEFlagUntilTimeout  stm32f1xx_hal_i2c.o
    0x0800312c   0x0800312c   0x00000056   Code   RO          502    i.I2C_WaitOnTXEFlagUntilTimeout  stm32f1xx_hal_i2c.o
    0x08003182   0x08003182   0x00000002   PAD
    0x08003184   0x08003184   0x00000140   Code   RO         2392    i.MAX30102_CalculateHeartRateAndSpO2  max30102.o
    0x080032c4   0x080032c4   0x00000012   Code   RO         2393    i.MAX30102_Delay    max30102.o
    0x080032d6   0x080032d6   0x00000002   PAD
    0x080032d8   0x080032d8   0x00000044   Code   RO         2395    i.MAX30102_I2C_NAck  max30102.o
    0x0800331c   0x0800331c   0x0000003c   Code   RO         2396    i.MAX30102_I2C_Read  max30102.o
    0x08003358   0x08003358   0x0000009c   Code   RO         2397    i.MAX30102_I2C_ReadMulti  max30102.o
    0x080033f4   0x080033f4   0x00000060   Code   RO         2398    i.MAX30102_I2C_ReceiveByte  max30102.o
    0x08003454   0x08003454   0x00000060   Code   RO         2399    i.MAX30102_I2C_SendByte  max30102.o
    0x080034b4   0x080034b4   0x00000050   Code   RO         2400    i.MAX30102_I2C_Start  max30102.o
    0x08003504   0x08003504   0x00000040   Code   RO         2401    i.MAX30102_I2C_Stop  max30102.o
    0x08003544   0x08003544   0x0000004c   Code   RO         2402    i.MAX30102_I2C_WaitAck  max30102.o
    0x08003590   0x08003590   0x00000030   Code   RO         2403    i.MAX30102_I2C_Write  max30102.o
    0x080035c0   0x080035c0   0x00000058   Code   RO         2404    i.MAX30102_Init     max30102.o
    0x08003618   0x08003618   0x0000007a   Code   RO         2405    i.MAX30102_ReadFIFO  max30102.o
    0x08003692   0x08003692   0x00000014   Code   RO         2408    i.MAX30102_Reset    max30102.o
    0x080036a6   0x080036a6   0x00000002   PAD
    0x080036a8   0x080036a8   0x00000020   Code   RO         2409    i.MAX30102_SDA_Input  max30102.o
    0x080036c8   0x080036c8   0x00000020   Code   RO         2410    i.MAX30102_SDA_Output  max30102.o
    0x080036e8   0x080036e8   0x00000008   Code   RO         2411    i.MAX30102_SetMode  max30102.o
    0x080036f0   0x080036f0   0x00000040   Code   RO         2522    i.MPU6050_Init      mpu6050.o
    0x08003730   0x08003730   0x00000070   Code   RO         2523    i.MPU6050_ReadData  mpu6050.o
    0x080037a0   0x080037a0   0x00000006   Code   RO         2524    i.MPU6050_ReadID    mpu6050.o
    0x080037a6   0x080037a6   0x00000002   PAD
    0x080037a8   0x080037a8   0x0000003c   Code   RO         2525    i.MPU6050_ReadMulti  mpu6050.o
    0x080037e4   0x080037e4   0x0000003c   Code   RO         2526    i.MPU6050_ReadReg   mpu6050.o
    0x08003820   0x08003820   0x00000028   Code   RO         2529    i.MPU6050_WriteReg  mpu6050.o
    0x08003848   0x08003848   0x00000104   Code   RO          167    i.MX_GPIO_Init      gpio.o
    0x0800394c   0x0800394c   0x00000040   Code   RO          193    i.MX_I2C1_Init      i2c.o
    0x0800398c   0x0800398c   0x00000038   Code   RO          235    i.MX_USART1_UART_Init  usart.o
    0x080039c4   0x080039c4   0x00000002   Code   RO          280    i.MemManage_Handler  stm32f1xx_it.o
    0x080039c6   0x080039c6   0x00000002   Code   RO          281    i.NMI_Handler       stm32f1xx_it.o
    0x080039c8   0x080039c8   0x0000002c   Code   RO         2244    i.OLED_Clear        oled.o
    0x080039f4   0x080039f4   0x0000002c   Code   RO         2251    i.OLED_DrawPoint    oled.o
    0x08003a20   0x08003a20   0x00000110   Code   RO         2252    i.OLED_Init         oled.o
    0x08003b30   0x08003b30   0x00000010   Code   RO         2253    i.OLED_Pow          oled.o
    0x08003b40   0x08003b40   0x0000004c   Code   RO         2254    i.OLED_Refresh      oled.o
    0x08003b8c   0x08003b8c   0x000000e4   Code   RO         2256    i.OLED_ShowChar     oled.o
    0x08003c70   0x08003c70   0x0000006e   Code   RO         2258    i.OLED_ShowNum      oled.o
    0x08003cde   0x08003cde   0x0000003c   Code   RO         2260    i.OLED_ShowString   oled.o
    0x08003d1a   0x08003d1a   0x00000002   PAD
    0x08003d1c   0x08003d1c   0x00000084   Code   RO         2261    i.OLED_WR_Byte      oled.o
    0x08003da0   0x08003da0   0x00000002   Code   RO          282    i.PendSV_Handler    stm32f1xx_it.o
    0x08003da2   0x08003da2   0x00000002   Code   RO          283    i.SVC_Handler       stm32f1xx_it.o
    0x08003da4   0x08003da4   0x00000004   Code   RO          284    i.SysTick_Handler   stm32f1xx_it.o
    0x08003da8   0x08003da8   0x0000005e   Code   RO           15    i.SystemClock_Config  main.o
    0x08003e06   0x08003e06   0x00000002   Code   RO         2207    i.SystemInit        system_stm32f1xx.o
    0x08003e08   0x08003e08   0x00000010   Code   RO         1886    i.UART_DMAAbortOnError  stm32f1xx_hal_uart.o
    0x08003e18   0x08003e18   0x0000004e   Code   RO         1896    i.UART_EndRxTransfer  stm32f1xx_hal_uart.o
    0x08003e66   0x08003e66   0x000000c2   Code   RO         1898    i.UART_Receive_IT   stm32f1xx_hal_uart.o
    0x08003f28   0x08003f28   0x000000b8   Code   RO         1899    i.UART_SetConfig    stm32f1xx_hal_uart.o
    0x08003fe0   0x08003fe0   0x00000036   Code   RO         1901    i.UART_Start_Receive_IT  stm32f1xx_hal_uart.o
    0x08004016   0x08004016   0x00000002   PAD
    0x08004018   0x08004018   0x0000000c   Code   RO          285    i.USART1_IRQHandler  stm32f1xx_it.o
    0x08004024   0x08004024   0x00000002   Code   RO          286    i.UsageFault_Handler  stm32f1xx_it.o
    0x08004026   0x08004026   0x00000020   Code   RO         1356    i.__NVIC_SetPriority  stm32f1xx_hal_cortex.o
    0x08004046   0x08004046   0x0000000e   Code   RO         3036    i.__mathlib_dbl_overflow  m_ws.l(dunder.o)
    0x08004054   0x08004054   0x00000010   Code   RO         3038    i.__mathlib_dbl_underflow  m_ws.l(dunder.o)
    0x08004064   0x08004064   0x00000010   Code   RO         2947    i.__mathlib_narrow  m_ws.l(narrow.o)
    0x08004074   0x08004074   0x000000bc   Code   RO         2948    i.__mathlib_tofloat  m_ws.l(narrow.o)
    0x08004130   0x08004130   0x00000016   Code   RO         2996    i.__support_ldexp   m_ws.l(ldexp.o)
    0x08004146   0x08004146   0x0000000e   Code   RO         2671    i._is_digit         c_w.l(__printf_wp.o)
    0x08004154   0x08004154   0x0000002a   Code   RO         2753    i.atof              m_ws.l(atof.o)
    0x0800417e   0x0800417e   0x00000002   PAD
    0x08004180   0x08004180   0x00000058   Code   RO         2973    i.frexp             m_ws.l(frexp.o)
    0x080041d8   0x080041d8   0x00000074   Code   RO         2997    i.ldexp             m_ws.l(ldexp.o)
    0x0800424c   0x0800424c   0x000003b0   Code   RO           16    i.main              main.o
    0x080045fc   0x080045fc   0x0000002c   Code   RO         2851    locale$$code        c_w.l(lc_numeric_c.o)
    0x08004628   0x08004628   0x0000002c   Code   RO         2872    locale$$code        c_w.l(lc_ctype_c.o)
    0x08004654   0x08004654   0x00000062   Code   RO         2700    x$fpl$d2f           fz_ws.l(d2f.o)
    0x080046b6   0x080046b6   0x00000002   PAD
    0x080046b8   0x080046b8   0x00000150   Code   RO         2702    x$fpl$dadd          fz_ws.l(daddsub_clz.o)
    0x08004808   0x08004808   0x00000010   Code   RO         2777    x$fpl$dcheck1       fz_ws.l(dcheck1.o)
    0x08004818   0x08004818   0x00000018   Code   RO         2991    x$fpl$dcmpinf       fz_ws.l(dcmpi.o)
    0x08004830   0x08004830   0x000002b0   Code   RO         2709    x$fpl$ddiv          fz_ws.l(ddiv.o)
    0x08004ae0   0x08004ae0   0x00000078   Code   RO         2968    x$fpl$deqf          fz_ws.l(deqf.o)
    0x08004b58   0x08004b58   0x0000002e   Code   RO         2713    x$fpl$dflt          fz_ws.l(dflt_clz.o)
    0x08004b86   0x08004b86   0x00000002   PAD
    0x08004b88   0x08004b88   0x00000078   Code   RO         2993    x$fpl$dleqf         fz_ws.l(dleqf.o)
    0x08004c00   0x08004c00   0x00000154   Code   RO         2718    x$fpl$dmul          fz_ws.l(dmul.o)
    0x08004d54   0x08004d54   0x0000009c   Code   RO         2779    x$fpl$dnaninf       fz_ws.l(dnaninf.o)
    0x08004df0   0x08004df0   0x0000000c   Code   RO         2781    x$fpl$dretinf       fz_ws.l(dretinf.o)
    0x08004dfc   0x08004dfc   0x0000006c   Code   RO         2970    x$fpl$drleqf        fz_ws.l(drleqf.o)
    0x08004e68   0x08004e68   0x00000016   Code   RO         2703    x$fpl$drsb          fz_ws.l(daddsub_clz.o)
    0x08004e7e   0x08004e7e   0x00000002   PAD
    0x08004e80   0x08004e80   0x000001d4   Code   RO         2704    x$fpl$dsub          fz_ws.l(daddsub_clz.o)
    0x08005054   0x08005054   0x00000056   Code   RO         2720    x$fpl$f2d           fz_ws.l(f2d.o)
    0x080050aa   0x080050aa   0x00000002   PAD
    0x080050ac   0x080050ac   0x000000c4   Code   RO         2722    x$fpl$fadd          fz_ws.l(faddsub_clz.o)
    0x08005170   0x08005170   0x00000184   Code   RO         2729    x$fpl$fdiv          fz_ws.l(fdiv.o)
    0x080052f4   0x080052f4   0x00000036   Code   RO         2732    x$fpl$ffix          fz_ws.l(ffix.o)
    0x0800532a   0x0800532a   0x00000002   PAD
    0x0800532c   0x0800532c   0x0000003e   Code   RO         2736    x$fpl$ffixu         fz_ws.l(ffixu.o)
    0x0800536a   0x0800536a   0x00000002   PAD
    0x0800536c   0x0800536c   0x00000030   Code   RO         2741    x$fpl$fflt          fz_ws.l(fflt_clz.o)
    0x0800539c   0x0800539c   0x00000026   Code   RO         2740    x$fpl$ffltu         fz_ws.l(fflt_clz.o)
    0x080053c2   0x080053c2   0x00000002   PAD
    0x080053c4   0x080053c4   0x00000102   Code   RO         2746    x$fpl$fmul          fz_ws.l(fmul.o)
    0x080054c6   0x080054c6   0x0000008c   Code   RO         2783    x$fpl$fnaninf       fz_ws.l(fnaninf.o)
    0x08005552   0x08005552   0x0000000a   Code   RO         2785    x$fpl$fretinf       fz_ws.l(fretinf.o)
    0x0800555c   0x0800555c   0x00000014   Code   RO         2723    x$fpl$frsb          fz_ws.l(faddsub_clz.o)
    0x08005570   0x08005570   0x000000ea   Code   RO         2724    x$fpl$fsub          fz_ws.l(faddsub_clz.o)
    0x0800565a   0x0800565a   0x00000006   Code   RO         2857    x$fpl$ieeestatus    fz_ws.l(istatus.o)
    0x08005660   0x08005660   0x00000064   Code   RO         2859    x$fpl$retnan        fz_ws.l(retnan.o)
    0x080056c4   0x080056c4   0x0000005c   Code   RO         2750    x$fpl$scalbn        fz_ws.l(scalbn.o)
    0x08005720   0x08005720   0x00000004   Code   RO         2861    x$fpl$scanf1        fz_ws.l(scanf1.o)
    0x08005724   0x08005724   0x00000008   Code   RO         2941    x$fpl$scanf2        fz_ws.l(scanf2.o)
    0x0800572c   0x0800572c   0x00000030   Code   RO         2929    x$fpl$trapveneer    fz_ws.l(trapv.o)
    0x0800575c   0x0800575c   0x00000000   Code   RO         2787    x$fpl$usenofp       fz_ws.l(usenofp.o)
    0x0800575c   0x0800575c   0x00000012   Data   RO         1054    .constdata          stm32f1xx_hal_rcc.o
    0x0800576e   0x0800576e   0x00000010   Data   RO         2208    .constdata          system_stm32f1xx.o
    0x0800577e   0x0800577e   0x00000008   Data   RO         2209    .constdata          system_stm32f1xx.o
    0x08005786   0x08005786   0x00001e10   Data   RO         2264    .constdata          oled.o
    0x08007596   0x08007596   0x00000002   PAD
    0x08007598   0x08007598   0x00000094   Data   RO         2826    .constdata          c_w.l(bigflt0.o)
    0x0800762c   0x0800762c   0x00000020   Data   RO         3071    Region$$Table       anon$$obj.o
    0x0800764c   0x0800764c   0x00000008   Data   RO         2935    c$$dinf             fz_ws.l(fpconst.o)
    0x08007654   0x08007654   0x00000008   Data   RO         2938    c$$dmax             fz_ws.l(fpconst.o)
    0x0800765c   0x0800765c   0x0000001c   Data   RO         2850    locale$$data        c_w.l(lc_numeric_c.o)
    0x08007678   0x08007678   0x00000110   Data   RO         2871    locale$$data        c_w.l(lc_ctype_c.o)


    Execution Region RW_IRAM1 (Exec base: 0x20000000, Load base: 0x08007788, Size: 0x00000c60, Max: 0x00005000, ABSOLUTE)

    Exec Addr    Load Addr    Size         Type   Attr      Idx    E Section Name        Object

    0x20000000   0x08007788   0x00000002   Data   RW           18    .data               main.o
    0x20000002   0x0800778a   0x00000002   PAD
    0x20000004   0x0800778c   0x0000000c   Data   RW          891    .data               stm32f1xx_hal.o
    0x20000010   0x08007798   0x00000004   Data   RW         2210    .data               system_stm32f1xx.o
    0x20000014   0x0800779c   0x00000010   Data   RW         2412    .data               max30102.o
    0x20000024   0x080077ac   0x00000001   Data   RW         2530    .data               mpu6050.o
    0x20000025   0x080077ad   0x00000002   Data   RW         2604    .data               gps.o
    0x20000027   0x080077af   0x00000001   PAD
    0x20000028   0x080077b0   0x00000004   Data   RW         2686    .data               c_w.l(strtok.o)
    0x2000002c        -       0x00000038   Zero   RW           17    .bss                main.o
    0x20000064        -       0x00000054   Zero   RW          194    .bss                i2c.o
    0x200000b8        -       0x00000048   Zero   RW          236    .bss                usart.o
    0x20000100        -       0x00000480   Zero   RW         2263    .bss                oled.o
    0x20000580        -       0x0000007c   Zero   RW         2603    .bss                gps.o
    0x200005fc        -       0x00000060   Zero   RW         2789    .bss                c_w.l(libspace.o)
    0x2000065c   0x080077b4   0x00000004   PAD
    0x20000660        -       0x00000200   Zero   RW            2    HEAP                startup_stm32f103xb.o
    0x20000860        -       0x00000400   Zero   RW            1    STACK               startup_stm32f103xb.o


==============================================================================

Image component sizes


      Code (inc. data)   RO Data    RW Data    ZI Data      Debug   Object Name

       260         20          0          0          0       1019   gpio.o
       548         64          0          2        124       3475   gps.o
       156         26          0          0         84       1665   i2c.o
      1090        140          0          2         56     407543   main.o
      1384         90          0         16          0      11575   max30102.o
       342         40          0          1          0       5048   mpu6050.o
       982         44       7696          0       1152       7378   oled.o
        64         26        236          0       1536        820   startup_stm32f103xb.o
       164         28          0         12          0       5985   stm32f1xx_hal.o
       198         14          0          0          0      28995   stm32f1xx_hal_cortex.o
       222          4          0          0          0       1799   stm32f1xx_hal_dma.o
       526         40          0          0          0       4683   stm32f1xx_hal_gpio.o
      2338         54          0          0          0      12694   stm32f1xx_hal_i2c.o
        60          8          0          0          0        894   stm32f1xx_hal_msp.o
      1240         84         18          0          0       5172   stm32f1xx_hal_rcc.o
      1280         10          0          0          0       8956   stm32f1xx_hal_uart.o
        46          6          0          0          0       5294   stm32f1xx_it.o
         2          0         24          4          0       1143   system_stm32f1xx.o
       184         20          0          0         72       1730   usart.o

    ----------------------------------------------------------------------
     11110        718       8008         40       3024     515868   Object Totals
         0          0         32          0          0          0   (incl. Generated)
        24          0          2          3          0          0   (incl. Padding)

    ----------------------------------------------------------------------

      Code (inc. data)   RO Data    RW Data    ZI Data      Debug   Library Member Name

         8          0          0          0          0         68   __main.o
        14          0          0          0          0         68   __printf_wp.o
         0          0          0          0          0          0   __rtentry.o
        12          0          0          0          0          0   __rtentry2.o
         6          0          0          0          0          0   __rtentry4.o
        52          8          0          0          0          0   __scatter.o
        26          0          0          0          0          0   __scatter_copy.o
        28          0          0          0          0          0   __scatter_zi.o
        28          0          0          0          0         68   _chval.o
        22          0          0          0          0        100   _rserrno.o
        64          0          0          0          0         84   _sgetc.o
       158          0          0          0          0         92   _strtoul.o
        26          0          0          0          0         80   atoi.o
       228          4        148          0          0         96   bigflt0.o
      1924        136          0          0          0        756   btod.o
        18          0          0          0          0         80   exit.o
         6          0          0          0          0        152   heapauxi.o
         0          0          0          0          0          0   indicate_semi.o
        18          0          0          0          0         76   isspace.o
        44         10        272          0          0         76   lc_ctype_c.o
        44         10         28          0          0         76   lc_numeric_c.o
         2          0          0          0          0          0   libinit.o
        30          0          0          0          0          0   libinit2.o
         2          0          0          0          0          0   libshutdown.o
         2          0          0          0          0          0   libshutdown2.o
         8          4          0          0         96         68   libspace.o
        38          0          0          0          0         68   llshl.o
        16          4          0          0          0         76   rt_ctype_table.o
         8          4          0          0          0         68   rt_errno_addr_intlibspace.o
         8          4          0          0          0         68   rt_locale_intlibspace.o
        78          0          0          0          0         80   rt_memclr_w.o
       100          0          0          0          0         80   rt_memcpy_w.o
         2          0          0          0          0          0   rtexit.o
        10          0          0          0          0          0   rtexit2.o
      1272         16          0          0          0        168   scanf_fp.o
       800         14          0          0          0        100   scanf_hexfp.o
       308         16          0          0          0        100   scanf_infnan.o
       128          0          0          0          0         68   strcmpv7m.o
        32          0          0          0          0         80   strcspn.o
        62          0          0          0          0         76   strlen.o
        28          0          0          0          0         80   strspn.o
        36          0          0          0          0         80   strstr.o
       164         14          0          0          0        120   strtod.o
        12          6          0          4          0         68   strtok.o
        68          4          0          0          0         84   strtok_int.o
       112          0          0          0          0         88   strtol.o
        12          4          0          0          0         68   sys_exit.o
        74          0          0          0          0         80   sys_stackheap_outer.o
         2          0          0          0          0         68   use_no_semi.o
        98          4          0          0          0         92   d2f.o
       826         16          0          0          0        348   daddsub_clz.o
        16          4          0          0          0         68   dcheck1.o
        24          0          0          0          0         68   dcmpi.o
       688        140          0          0          0        208   ddiv.o
       120          4          0          0          0         92   deqf.o
        46          0          0          0          0         68   dflt_clz.o
       120          4          0          0          0         92   dleqf.o
       340         12          0          0          0        104   dmul.o
       156          4          0          0          0         92   dnaninf.o
        12          0          0          0          0         68   dretinf.o
       108          0          0          0          0         80   drleqf.o
        86          4          0          0          0         84   f2d.o
       450          8          0          0          0        236   faddsub_clz.o
       388         76          0          0          0         96   fdiv.o
        54          4          0          0          0         84   ffix.o
        62          4          0          0          0         84   ffixu.o
        86          0          0          0          0        136   fflt_clz.o
       258          4          0          0          0         84   fmul.o
       140          4          0          0          0         84   fnaninf.o
         0          0         16          0          0          0   fpconst.o
        10          0          0          0          0         68   fretinf.o
         6          0          0          0          0         68   istatus.o
       100          0          0          0          0         68   retnan.o
        92          0          0          0          0         68   scalbn.o
         4          0          0          0          0         68   scanf1.o
         8          0          0          0          0         84   scanf2.o
        48          0          0          0          0         68   trapv.o
         0          0          0          0          0          0   usenofp.o
        42          0          0          0          0         84   atof.o
        30          6          0          0          0        136   dunder.o
        88          8          0          0          0         76   frexp.o
       138          0          0          0          0        160   ldexp.o
       204          4          0          0          0        168   narrow.o

    ----------------------------------------------------------------------
     11018        568        464          4        100       7092   Library Totals
        30          0          0          0          4          0   (incl. Padding)

    ----------------------------------------------------------------------

      Code (inc. data)   RO Data    RW Data    ZI Data      Debug   Library Name

      6140        258        448          4         96       3708   c_w.l
      4346        292         16          0          0       2760   fz_ws.l
       502         18          0          0          0        624   m_ws.l

    ----------------------------------------------------------------------
     11018        568        464          4        100       7092   Library Totals

    ----------------------------------------------------------------------

==============================================================================


      Code (inc. data)   RO Data    RW Data    ZI Data      Debug   

     22128       1286       8472         44       3124     513752   Grand Totals
     22128       1286       8472         44       3124     513752   ELF Image Totals
     22128       1286       8472         44          0          0   ROM Totals

==============================================================================

    Total RO  Size (Code + RO Data)                30600 (  29.88kB)
    Total RW  Size (RW Data + ZI Data)              3168 (   3.09kB)
    Total ROM Size (Code + RO Data + RW Data)      30644 (  29.93kB)

==============================================================================

